--------- beginning of main
12-27 08:14:39.773   364   364 I auditd  : type=1403 audit(0.0:2): policy loaded auid=4294967295 ses=4294967295
12-27 08:14:40.073     1     1 I init    : type=1400 audit(0.0:3): avc: denied { create } for uid=0 name="sdcard" scontext=u:r:init:s0 tcontext=u:object_r:tmpfs:s0 tclass=lnk_file permissive=1
12-27 08:14:40.150   342   342 I fsck.f2fs: type=1400 audit(0.0:4): avc: denied { read } for uid=0 name="mmcblk0p54" dev="tmpfs" ino=1855 scontext=u:r:fsck:s0 tcontext=u:object_r:block_device:s0 tclass=blk_file permissive=1
12-27 08:14:40.150   342   342 I fsck.f2fs: type=1400 audit(0.0:5): avc: denied { open } for uid=0 path="/dev/block/mmcblk0p54" dev="tmpfs" ino=1855 scontext=u:r:fsck:s0 tcontext=u:object_r:block_device:s0 tclass=blk_file permissive=1
12-27 08:14:40.150   342   342 I fsck.f2fs: type=1400 audit(0.0:6): avc: denied { write } for uid=0 name="mmcblk0p54" dev="tmpfs" ino=1855 scontext=u:r:fsck:s0 tcontext=u:object_r:block_device:s0 tclass=blk_file permissive=1
12-27 08:14:40.150   342   342 I fsck.f2fs: type=1400 audit(0.0:7): avc: denied { ioctl } for uid=0 path="/dev/block/mmcblk0p54" dev="tmpfs" ino=1855 ioctlcmd=1268 scontext=u:r:fsck:s0 tcontext=u:object_r:block_device:s0 tclass=blk_file permissive=1
12-27 08:14:40.383   365   365 I SELinux : SELinux: Loaded service_contexts from:
12-27 08:14:40.386   365   365 I SELinux :     /plat_service_contexts
12-27 08:14:40.386   365   365 I SELinux :     /nonplat_service_contexts
12-27 08:14:40.389   367   367 I SELinux : SELinux: Loaded service_contexts from:
12-27 08:14:40.390   367   367 I SELinux :     /vndservice_contexts
12-27 08:14:40.436   366   366 E hwservicemanager: BINDER_SET_INHERIT_FIFO_PRIO failed with error -1
12-27 08:14:40.445   368   368 D vndksupport: Loading /vendor/lib64/hw/android.hardware.keymaster@3.0-impl.so from current namespace instead of sphal namespace.
12-27 08:14:40.457   368   368 I android.hardware.keymaster@3.0-impl: Fetching keymaster device name default
12-27 08:14:40.458   368   368 D vndksupport: Loading /vendor/lib64/hw/keystore.msm8937.so from current namespace instead of sphal namespace.
12-27 08:14:40.459   368   368 I android.hardware.keymaster@3.0-impl: Found keymaster1 module Keymaster QTI HAL, version 100
--------- beginning of system
12-27 08:14:40.466   369   369 I vold    : Vold 3.0 (the awakening) firing up
12-27 08:14:40.467   369   369 V vold    : Detected support for: exfat ext4 f2fs ntfs vfat
12-27 08:14:40.481   369   380 D vold    : e4crypt_init_user0
12-27 08:14:40.481   369   380 D vold    : e4crypt_prepare_user_storage for volume null, user 0, serial 0, flags 1
12-27 08:14:40.481   369   380 D vold    : Preparing: /data/system/users/0
12-27 08:14:40.482   369   380 D vold    : Preparing: /data/misc/profiles/cur/0
12-27 08:14:40.483   369   380 D vold    : Preparing: /data/system_de/0
12-27 08:14:40.483   369   380 D vold    : Preparing: /data/misc_de/0
12-27 08:14:40.484   369   380 D vold    : Preparing: /data/user_de/0
12-27 08:14:40.484   369   380 D vold    : e4crypt_unlock_user_key 0 serial=0 token_present=0
12-27 08:14:40.484   369   380 E vold    : Failed to chmod /data/system_ce/0: No such file or directory
12-27 08:14:40.484   369   380 E vold    : Failed to chmod /data/misc_ce/0: No such file or directory
12-27 08:14:40.499   381   381 I /system/bin/tzdatacheck: timezone distro dir /data/misc/zoneinfo/current does not exist. No action required.
12-27 08:14:40.593   387   387 I init    : type=1400 audit(0.0:8): avc: denied { execute_no_trans } for uid=1002 path="/system/vendor/bin/hw/android.hardware.bluetooth@1.0-service-qti" dev="mmcblk0p53" ino=2954 scontext=u:r:init:s0 tcontext=u:object_r:vendor_file:s0 tclass=file permissive=1
12-27 08:14:40.623   397   397 I init    : type=1400 audit(0.0:9): avc: denied { execute_no_trans } for uid=1000 path="/system/vendor/bin/hw/android.hardware.power@1.0-service-qti" dev="mmcblk0p53" ino=2966 scontext=u:r:init:s0 tcontext=u:object_r:vendor_file:s0 tclass=file permissive=1
12-27 08:14:40.623   385   385 I ServiceManagement: Removing namespace from process name android.hidl.allocator@1.0-service to allocator@1.0-s.
12-27 08:14:40.624   384   384 I sysinit : Running /system/etc/init.d/00banner
12-27 08:14:40.641   389   389 W /vendor/bin/hw/android.hardware.configstore@1.0-service: libminijail[389]: allowing syscall: connect
12-27 08:14:40.641   389   389 W /vendor/bin/hw/android.hardware.configstore@1.0-service: libminijail[389]: allowing syscall: fcntl
12-27 08:14:40.641   389   389 W /vendor/bin/hw/android.hardware.configstore@1.0-service: libminijail[389]: allowing syscall: sendto
12-27 08:14:40.641   389   389 W /vendor/bin/hw/android.hardware.configstore@1.0-service: libminijail[389]: allowing syscall: socket
12-27 08:14:40.641   389   389 W /vendor/bin/hw/android.hardware.configstore@1.0-service: libminijail[389]: allowing syscall: writev
12-27 08:14:40.643   389   389 W /vendor/bin/hw/android.hardware.configstore@1.0-service: libminijail[389]: logging seccomp filter failures
12-27 08:14:40.643   389   389 I ServiceManagement: Removing namespace from process name android.hardware.configstore@1.0-service to configstore@1.0.
12-27 08:14:40.693   392   392 D vndksupport: Loading /vendor/lib64/hw/android.hardware.graphics.allocator@2.0-impl.so from current namespace instead of sphal namespace.
12-27 08:14:40.703   405   405 I lineage : _ _                                       
12-27 08:14:40.710   392   392 D vndksupport: Loading /vendor/lib64/hw/gralloc.msm8937.so from current namespace instead of sphal namespace.
12-27 08:14:40.732   392   392 I ServiceManagement: Removing namespace from process name android.hardware.graphics.allocator@2.0-service to allocator@2.0-s.
12-27 08:14:40.733   394   394 D vndksupport: Loading /vendor/lib64/hw/android.hardware.health@1.0-impl.so from current namespace instead of sphal namespace.
12-27 08:14:40.734   392   392 I android.hardware.graphics.allocator@2.0-service: Registration complete for android.hardware.graphics.allocator@2.0::IAllocator/default.
12-27 08:14:40.736   388   388 D android.hardware.cas@1.0-service: android.hardware.cas@1.0-service starting...
12-27 08:14:40.737   388   388 I ServiceManagement: Removing namespace from process name android.hardware.cas@1.0-service to cas@1.0-service.
12-27 08:14:40.740   394   394 I ServiceManagement: Removing namespace from process name android.hardware.health@1.0-service to health@1.0-serv.
12-27 08:14:40.742   387   387 I android.hardware.bluetooth@1.0-service: registering BT & FM services
12-27 08:14:40.743   387   387 I android.hardwar: type=1400 audit(0.0:10): avc: denied { call } for uid=1002 scontext=u:r:init:s0 tcontext=u:r:hwservicemanager:s0 tclass=binder permissive=1
12-27 08:14:40.743   366   366 I hwservicemanage: type=1400 audit(0.0:11): avc: denied { search } for uid=1000 name="387" dev="proc" ino=3762 scontext=u:r:hwservicemanager:s0 tcontext=u:r:init:s0 tclass=dir permissive=1
12-27 08:14:40.743   366   366 I hwservicemanage: type=1400 audit(0.0:12): avc: denied { read } for uid=1000 name="current" dev="proc" ino=4627 scontext=u:r:hwservicemanager:s0 tcontext=u:r:init:s0 tclass=file permissive=1
12-27 08:14:40.743   366   366 I hwservicemanage: type=1400 audit(0.0:13): avc: denied { open } for uid=1000 path="/proc/387/attr/current" dev="proc" ino=4627 scontext=u:r:hwservicemanager:s0 tcontext=u:r:init:s0 tclass=file permissive=1
12-27 08:14:40.743   366   366 I hwservicemanage: type=1400 audit(0.0:14): avc: denied { getattr } for uid=1000 scontext=u:r:hwservicemanager:s0 tcontext=u:r:init:s0 tclass=process permissive=1
12-27 08:14:40.744   394   394 I android.hardware.health@1.0-service: Registration complete for android.hardware.health@1.0::IHealth/default.
12-27 08:14:40.748   366   366 E SELinux : avc:  denied  { find } for interface=android.hardware.bluetooth::IBluetoothHci sid=u:r:init:s0 pid=387 scontext=u:r:init:s0 tcontext=u:object_r:hal_bluetooth_hwservice:s0 tclass=hwservice_manager permissive=1
12-27 08:14:40.749   396   396 D vndksupport: Loading /vendor/lib64/hw/android.hardware.memtrack@1.0-impl.so from current namespace instead of sphal namespace.
12-27 08:14:40.750   387   387 D vndksupport: Loading /vendor/lib64/hw/android.hardware.bluetooth@1.0-impl-qti.so from current namespace instead of sphal namespace.
12-27 08:14:40.752   396   396 D vndksupport: Loading /vendor/lib64/hw/memtrack.msm8937.so from current namespace instead of sphal namespace.
12-27 08:14:40.756   387   387 I bluetooth@1.0-s: type=1400 audit(0.0:15): avc: denied { transfer } for uid=1002 scontext=u:r:init:s0 tcontext=u:r:hwservicemanager:s0 tclass=binder permissive=1
12-27 08:14:40.759   396   396 I ServiceManagement: Removing namespace from process name android.hardware.memtrack@1.0-service to memtrack@1.0-se.
12-27 08:14:40.760   366   366 I hwservicemanage: type=1400 audit(0.0:16): avc: denied { call } for uid=1000 scontext=u:r:hwservicemanager:s0 tcontext=u:r:init:s0 tclass=binder permissive=1
12-27 08:14:40.760   396   396 I android.hardware.memtrack@1.0-service: Registration complete for android.hardware.memtrack@1.0::IMemtrack/default.
12-27 08:14:40.762   387   387 I ServiceManagement: Removing namespace from process name android.hardware.bluetooth@1.0-service-qti to bluetooth@1.0-s.
12-27 08:14:40.763   387   387 I bluetooth@1.0-s: type=1400 audit(0.0:17): avc: denied { call } for uid=1002 scontext=u:r:init:s0 tcontext=u:r:hwservicemanager:s0 tclass=binder permissive=1
12-27 08:14:40.763   387   387 I bluetooth@1.0-s: type=1400 audit(0.0:18): avc: denied { transfer } for uid=1002 scontext=u:r:init:s0 tcontext=u:r:hwservicemanager:s0 tclass=binder permissive=1
12-27 08:14:40.763   366   366 E SELinux : avc:  denied  { add } for interface=android.hardware.bluetooth::IBluetoothHci sid=u:r:init:s0 pid=387 scontext=u:r:init:s0 tcontext=u:object_r:hal_bluetooth_hwservice:s0 tclass=hwservice_manager permissive=1
12-27 08:14:40.764   366   366 E SELinux : avc:  denied  { add } for interface=android.hidl.base::IBase sid=u:r:init:s0 pid=387 scontext=u:r:init:s0 tcontext=u:object_r:hidl_base_hwservice:s0 tclass=hwservice_manager permissive=1
12-27 08:14:40.764   387   387 I android.hardware.bluetooth@1.0-service: Registration complete for android.hardware.bluetooth@1.0::IBluetoothHci/default.
12-27 08:14:40.765   366   366 E SELinux : avc:  denied  { find } for interface=vendor.qti.hardware.fm::IFmHci sid=u:r:init:s0 pid=387 scontext=u:r:init:s0 tcontext=u:object_r:default_android_hwservice:s0 tclass=hwservice_manager permissive=1
12-27 08:14:40.765   366   366 W /system/bin/hwservicemanager: getTransport: Cannot find entry vendor.qti.hardware.fm@1.0::IFmHci/default in either framework or device manifest.
12-27 08:14:40.765   387   387 D vndksupport: Loading /vendor/lib64/hw/vendor.qti.hardware.fm@1.0-impl.so from current namespace instead of sphal namespace.
12-27 08:14:40.767   410   410 I lineage : | (_)_ __   ___  __ _  __ _  ___  ___  ___ 
12-27 08:14:40.771   366   366 W /system/bin/hwservicemanager: getTransport: Cannot find entry android.hardware.sensors@1.0::ISensors/default in either framework or device manifest.
12-27 08:14:40.772   398   398 D vndksupport: Loading /vendor/lib64/hw/android.hardware.sensors@1.0-impl.so from current namespace instead of sphal namespace.
12-27 08:14:40.776   390   390 I android.hardwar: type=1400 audit(0.0:19): avc: denied { read write } for uid=1013 name="vndbinder" dev="tmpfs" ino=12192 scontext=u:r:hal_drm_default:s0 tcontext=u:object_r:vndbinder_device:s0 tclass=chr_file permissive=1
12-27 08:14:40.776   390   390 I android.hardwar: type=1400 audit(0.0:20): avc: denied { open } for uid=1013 path="/dev/vndbinder" dev="tmpfs" ino=12192 scontext=u:r:hal_drm_default:s0 tcontext=u:object_r:vndbinder_device:s0 tclass=chr_file permissive=1
12-27 08:14:40.776   390   390 I android.hardwar: type=1400 audit(0.0:21): avc: denied { ioctl } for uid=1013 path="/dev/vndbinder" dev="tmpfs" ino=12192 ioctlcmd=6209 scontext=u:r:hal_drm_default:s0 tcontext=u:object_r:vndbinder_device:s0 tclass=chr_file permissive=1
12-27 08:14:40.776   366   366 E SELinux : avc:  denied  { add } for interface=vendor.qti.hardware.fm::IFmHci sid=u:r:init:s0 pid=387 scontext=u:r:init:s0 tcontext=u:object_r:default_android_hwservice:s0 tclass=hwservice_manager permissive=1
12-27 08:14:40.776   387   387 I android.hardware.bluetooth@1.0-service: Registration complete for vendor.qti.hardware.fm@1.0::IFmHci/default.
12-27 08:14:40.778   391   391 D vndksupport: Loading /vendor/lib64/hw/android.hardware.gatekeeper@1.0-impl.so from current namespace instead of sphal namespace.
12-27 08:14:40.779   390   390 D android.hardware.drm@1.0-service: android.hardware.drm@1.0-service starting...
12-27 08:14:40.782   391   391 D vndksupport: Loading /vendor/lib64/hw/gatekeeper.msm8937.so from current namespace instead of sphal namespace.
12-27 08:14:40.796   391   391 D gatekeeper_device: HwGkOpen called
12-27 08:14:40.800   390   390 D vndksupport: Loading /vendor/lib/hw/android.hardware.drm@1.0-impl.so from current namespace instead of sphal namespace.
12-27 08:14:40.803   393   393 I android.hardwar: type=1400 audit(0.0:22): avc: denied { read write } for uid=1000 name="vndbinder" dev="tmpfs" ino=12192 scontext=u:r:hal_graphics_composer_default:s0 tcontext=u:object_r:vndbinder_device:s0 tclass=chr_file permissive=1
12-27 08:14:40.803   393   393 I android.hardwar: type=1400 audit(0.0:23): avc: denied { open } for uid=1000 path="/dev/vndbinder" dev="tmpfs" ino=12192 scontext=u:r:hal_graphics_composer_default:s0 tcontext=u:object_r:vndbinder_device:s0 tclass=chr_file permissive=1
12-27 08:14:40.803   393   393 I android.hardwar: type=1400 audit(0.0:24): avc: denied { ioctl } for uid=1000 path="/dev/vndbinder" dev="tmpfs" ino=12192 ioctlcmd=6209 scontext=u:r:hal_graphics_composer_default:s0 tcontext=u:object_r:vndbinder_device:s0 tclass=chr_file permissive=1
12-27 08:14:40.807   399   399 D vndksupport: Loading /vendor/lib64/hw/android.hardware.thermal@1.0-impl.so from current namespace instead of sphal namespace.
12-27 08:14:40.811   393   393 D vndksupport: Loading /vendor/lib64/hw/android.hardware.graphics.composer@2.1-impl.so from current namespace instead of sphal namespace.
12-27 08:14:40.818   395   395 D vndksupport: Loading /vendor/lib64/hw/android.hardware.light@2.0-impl.so from current namespace instead of sphal namespace.
12-27 08:14:40.821   393   393 D vndksupport: Loading /vendor/lib64/hw/hwcomposer.msm8937.so from current namespace instead of sphal namespace.
12-27 08:14:40.827   399   399 D vndksupport: Loading /vendor/lib64/hw/thermal.msm8937.so from current namespace instead of sphal namespace.
12-27 08:14:40.827   401   401 D vndksupport: Loading /vendor/lib64/hw/android.hardware.vibrator@1.0-impl.so from current namespace instead of sphal namespace.
12-27 08:14:40.830   399   399 I ServiceManagement: Removing namespace from process name android.hardware.thermal@1.0-service to thermal@1.0-ser.
12-27 08:14:40.831   399   399 I android.hardware.thermal@1.0-service: Registration complete for android.hardware.thermal@1.0::IThermal/default.
12-27 08:14:40.832   395   395 E light   : light_open lights keyboard failed: -22
12-27 08:14:40.832   395   395 E light   : Light passthrough failed to load legacy HAL.
12-27 08:14:40.832   395   395 E light   : light_open lights buttons failed: -22
12-27 08:14:40.832   395   395 E light   : Light passthrough failed to load legacy HAL.
12-27 08:14:40.833   398   398 I android.hardwar: type=1400 audit(0.0:25): avc: denied { read } for uid=1000 name="devices" dev="sysfs" ino=10212 scontext=u:r:hal_sensors_default:s0 tcontext=u:object_r:sysfs:s0 tclass=dir permissive=1
12-27 08:14:40.833   398   398 I android.hardwar: type=1400 audit(0.0:26): avc: denied { open } for uid=1000 path="/sys/bus/msm_subsys/devices" dev="sysfs" ino=10212 scontext=u:r:hal_sensors_default:s0 tcontext=u:object_r:sysfs:s0 tclass=dir permissive=1
12-27 08:14:40.833   398   398 I android.hardwar: type=1400 audit(0.0:27): avc: denied { read } for uid=1000 name="name" dev="sysfs" ino=21288 scontext=u:r:hal_sensors_default:s0 tcontext=u:object_r:sysfs:s0 tclass=file permissive=1
12-27 08:14:40.833   398   398 I android.hardwar: type=1400 audit(0.0:28): avc: denied { open } for uid=1000 path="/sys/devices/soc/1de0000.qcom,venus/subsys0/name" dev="sysfs" ino=21288 scontext=u:r:hal_sensors_default:s0 tcontext=u:object_r:sysfs:s0 tclass=file permissive=1
12-27 08:14:40.833   395   395 E light   : light_open lights attention failed: -22
12-27 08:14:40.833   395   395 E light   : Light passthrough failed to load legacy HAL.
12-27 08:14:40.833   395   395 E light   : light_open lights bluetooth failed: -22
12-27 08:14:40.833   395   395 E light   : Light passthrough failed to load legacy HAL.
12-27 08:14:40.834   395   395 E light   : light_open lights wifi failed: -22
12-27 08:14:40.834   395   395 E light   : Light passthrough failed to load legacy HAL.
12-27 08:14:40.836   398   398 I android.hardwar: type=1400 audit(0.0:29): avc: denied { read write } for uid=1000 name="diag" dev="tmpfs" ino=3544 scontext=u:r:hal_sensors_default:s0 tcontext=u:object_r:device:s0 tclass=chr_file permissive=1
12-27 08:14:40.836   398   398 I android.hardwar: type=1400 audit(0.0:30): avc: denied { open } for uid=1000 path="/dev/diag" dev="tmpfs" ino=3544 scontext=u:r:hal_sensors_default:s0 tcontext=u:object_r:device:s0 tclass=chr_file permissive=1
12-27 08:14:40.836   398   398 I android.hardwar: type=1400 audit(0.0:31): avc: denied { ioctl } for uid=1000 path="/dev/diag" dev="tmpfs" ino=3544 ioctlcmd=20 scontext=u:r:hal_sensors_default:s0 tcontext=u:object_r:device:s0 tclass=chr_file permissive=1
12-27 08:14:40.837   414   414 D QSEECOMD: : qseecom listener services process entry PPID = 1
12-27 08:14:40.838   414   414 E QSEECOMD: : Listener: index = 0, hierarchy = 0
12-27 08:14:40.840   398   398 E libsensor1: check_sensors_enabled: open error: settings file "/persist/sensors/sensors_settings", errno 2
12-27 08:14:40.840   398   398 E libsensor1: check_sensors_enabled: inotify error: settings path "/persist/sensors", errno 2
12-27 08:14:40.840   398   398 E libsensor1: check_sensors_enabled: Sensors enabled = false
12-27 08:14:40.843   414   414 I qseecomd: type=1400 audit(0.0:32): avc: denied { write } for uid=0 name="mmcblk0rpmb" dev="tmpfs" ino=12136 scontext=u:r:init:s0 tcontext=u:object_r:block_device:s0 tclass=blk_file permissive=1
12-27 08:14:40.844   406   406 I /vendor/bin/hw/vendor.lineage.livedisplay@1.0-service-sdm: LiveDisplay HAL service is starting.
12-27 08:14:40.844   406   406 I ServiceManagement: Removing namespace from process name vendor.lineage.livedisplay@1.0-service-sdm to livedisplay@1.0.
12-27 08:14:40.845   414   414 D QSEECOMD: : Init dlopen(librpmb.so, RTLD_NOW) succeeds
12-27 08:14:40.845   414   414 D QSEECOMD: : Init::Init dlsym(g_FSHandle rpmb_init_service) succeeds
12-27 08:14:40.846   414   414 I rpmb_emmc: RPMB Mult (512-bytes sector) = 8192, Rel_sec_cnt = 32
12-27 08:14:40.846   414   414 E DrmLibRpmb: rpmb_init succeeded! with ret = 0
12-27 08:14:40.846   414   414 D QSEECOMD: : Init rpmb_init_service ret = 0
12-27 08:14:40.846   414   414 D QSEECOMD: : RPMB system services: init (Listener ID = 8192)
12-27 08:14:40.846   414   414 E QSEECOMD: : Listener: index = 1, hierarchy = 0
12-27 08:14:40.851   416   416 I lineage : | | | '_ \ / _ \/ _` |/ _` |/ _ \/ _ \/ __|
12-27 08:14:40.853   414   414 D QSEECOMD: : Init dlopen(libssd.so, RTLD_NOW) succeeds
12-27 08:14:40.853   414   414 D QSEECOMD: : Init::Init dlsym(g_FSHandle ssd_init_service) succeeds
12-27 08:14:40.853   414   414 E SSD     : ssd_init_service succeeded!
12-27 08:14:40.853   414   414 D QSEECOMD: : Init ssd_init_service ret = 0
12-27 08:14:40.853   414   414 D QSEECOMD: : SSD system services: init (Listener ID = 12288)
12-27 08:14:40.853   414   414 E QSEECOMD: : Listener: index = 2, hierarchy = 0
12-27 08:14:40.855   398   398 E libsensor1: check_sensors_enable: sensors settings file not available
12-27 08:14:40.855   398   398 E libsensor1: wait_for_service: sensors setting disabled sensors
12-27 08:14:40.856   426   426 I init    : type=1400 audit(0.0:33): avc: denied { execute_no_trans } for uid=0 path="/system/vendor/bin/sh" dev="mmcblk0p53" ino=3068 scontext=u:r:init:s0 tcontext=u:object_r:vendor_shell_exec:s0 tclass=file permissive=1
12-27 08:14:40.862   398   430 E libsensor1: check_sensors_enable: sensors settings file not available
12-27 08:14:40.862   398   430 E libsensor1: wait_for_service: sensors setting disabled sensors
12-27 08:14:40.863   406   406 I /vendor/bin/hw/vendor.lineage.livedisplay@1.0-service-sdm: LiveDisplay HAL service is ready.
12-27 08:14:40.864   408   408 D vndksupport: Loading /vendor/lib64/hw/vendor.qti.hardware.iop@1.0-impl.so from current namespace instead of sphal namespace.
12-27 08:14:40.866   395   395 I ServiceManagement: Removing namespace from process name android.hardware.light@2.0-service to light@2.0-servi.
12-27 08:14:40.870   425   425 I init    : type=1400 audit(0.0:34): avc: denied { execute_no_trans } for uid=0 path="/system/vendor/bin/msm_irqbalance" dev="mmcblk0p53" ino=3025 scontext=u:r:init:s0 tcontext=u:object_r:vendor_file:s0 tclass=file permissive=1
12-27 08:14:40.872   398   398 E qti_sensors_hal: sensor1 open failed!
12-27 08:14:40.872   398   398 I         : Loaded library from sensors.ssc.so
12-27 08:14:40.872   398   398 E /vendor/bin/hw/android.hardware.sensors@1.0-service: HAL specifies version 1.4, but does not implement set_operation_mode()
12-27 08:14:40.873   398   398 I ServiceManagement: Removing namespace from process name android.hardware.sensors@1.0-service to sensors@1.0-ser.
12-27 08:14:40.876   401   401 D vndksupport: Loading /vendor/lib64/hw/vibrator.default.so from current namespace instead of sphal namespace.
12-27 08:14:40.878   408   408 E         : IOP-HAL: inside HIDL_FETCH_IIop
12-27 08:14:40.878   408   408 E         : IOP-HAL: boot Address of iop object
12-27 08:14:40.879   418   418 I irsc_util: Starting irsc tool
12-27 08:14:40.883   398   398 I android.hardware.sensors@1.0-service: Registration complete for android.hardware.sensors@1.0::ISensors/default.
12-27 08:14:40.884   402   402 I android.hardware.wifi@1.0-service: Wifi Hal is booting up...
12-27 08:14:40.887   395   395 I android.hardware.light@2.0-service: Registration complete for android.hardware.light@2.0::ILight/default.
12-27 08:14:40.888   401   401 D         : Vibrator using timed_output
12-27 08:14:40.889   401   401 I ServiceManagement: Removing namespace from process name android.hardware.vibrator@1.0-service to vibrator@1.0-se.
12-27 08:14:40.891   401   401 I android.hardware.vibrator@1.0-service: Registration complete for android.hardware.vibrator@1.0::IVibrator/default.
12-27 08:14:40.897   429   429 I lineage : | | | | | |  __/ (_| | (_| |  __/ (_) \__ \
12-27 08:14:40.903   418   418 I irsc_util: type=1400 audit(0.0:35): avc: denied { create } for uid=0 scontext=u:r:init:s0 tcontext=u:r:init:s0 tclass=socket permissive=1
12-27 08:14:40.903   418   418 I irsc_util: type=1400 audit(0.0:36): avc: denied { ioctl } for uid=0 path="socket:[13827]" dev="sockfs" ino=13827 ioctlcmd=c305 scontext=u:r:init:s0 tcontext=u:r:init:s0 tclass=socket permissive=1
12-27 08:14:40.906   393   393 I HWC_UeventThrea: type=1400 audit(0.0:37): avc: denied { create } for uid=1000 scontext=u:r:hal_graphics_composer_default:s0 tcontext=u:r:hal_graphics_composer_default:s0 tclass=netlink_kobject_uevent_socket permissive=1
12-27 08:14:40.906   393   393 I HWC_UeventThrea: type=1400 audit(0.0:38): avc: denied { setopt } for uid=1000 scontext=u:r:hal_graphics_composer_default:s0 tcontext=u:r:hal_graphics_composer_default:s0 tclass=netlink_kobject_uevent_socket permissive=1
12-27 08:14:40.906   393   393 I HWC_UeventThrea: type=1400 audit(0.0:39): avc: denied { bind } for uid=1000 scontext=u:r:hal_graphics_composer_default:s0 tcontext=u:r:hal_graphics_composer_default:s0 tclass=netlink_kobject_uevent_socket permissive=1
12-27 08:14:40.906   393   393 I android.hardwar: type=1400 audit(0.0:40): avc: denied { call } for uid=1000 scontext=u:r:hal_graphics_composer_default:s0 tcontext=u:r:vndservicemanager:s0 tclass=binder permissive=1
12-27 08:14:40.906   393   393 I android.hardwar: type=1400 audit(0.0:41): avc: denied { transfer } for uid=1000 scontext=u:r:hal_graphics_composer_default:s0 tcontext=u:r:vndservicemanager:s0 tclass=binder permissive=1
12-27 08:14:40.906   367   367 I vndservicemanag: type=1400 audit(0.0:42): avc: denied { search } for uid=1000 name="393" dev="proc" ino=13412 scontext=u:r:vndservicemanager:s0 tcontext=u:r:hal_graphics_composer_default:s0 tclass=dir permissive=1
12-27 08:14:40.906   367   367 I vndservicemanag: type=1400 audit(0.0:43): avc: denied { read } for uid=1000 name="current" dev="proc" ino=4645 scontext=u:r:vndservicemanager:s0 tcontext=u:r:hal_graphics_composer_default:s0 tclass=file permissive=1
12-27 08:14:40.906   367   367 I vndservicemanag: type=1400 audit(0.0:44): avc: denied { open } for uid=1000 path="/proc/393/attr/current" dev="proc" ino=4645 scontext=u:r:vndservicemanager:s0 tcontext=u:r:hal_graphics_composer_default:s0 tclass=file permissive=1
12-27 08:14:40.906   367   367 I vndservicemanag: type=1400 audit(0.0:45): avc: denied { getattr } for uid=1000 scontext=u:r:vndservicemanager:s0 tcontext=u:r:hal_graphics_composer_default:s0 tclass=process permissive=1
12-27 08:14:40.906   393   393 I android.hardwar: type=1400 audit(0.0:46): avc: denied { call } for uid=1000 scontext=u:r:hal_graphics_composer_default:s0 tcontext=u:r:vndservicemanager:s0 tclass=binder permissive=1
12-27 08:14:40.906   418   418 I irsc_util: Num of entries:293
12-27 08:14:40.908   418   418 I irsc_util: Ending irsc tool
12-27 08:14:40.911   367   367 E SELinux : avc:  denied  { add } for service=display.qservice pid=393 uid=1000 scontext=u:r:hal_graphics_composer_default:s0 tcontext=u:object_r:default_android_vndservice:s0 tclass=service_manager permissive=1
12-27 08:14:40.912   367   367 E SELinux : avc:  denied  { find } for service=display.qservice pid=393 uid=1000 scontext=u:r:hal_graphics_composer_default:s0 tcontext=u:object_r:default_android_vndservice:s0 tclass=service_manager permissive=1
12-27 08:14:40.913   366   366 E SELinux : avc:  denied  { add } for interface=vendor.display.config::IDisplayConfig sid=u:r:hal_graphics_composer_default:s0 pid=393 scontext=u:r:hal_graphics_composer_default:s0 tcontext=u:object_r:default_android_hwservice:s0 tclass=hwservice_manager permissive=1
12-27 08:14:40.914   393   393 D vndksupport: Loading /vendor/lib64/hw/gralloc.msm8937.so from current namespace instead of sphal namespace.
12-27 08:14:40.920   393   393 I SDM     : ExtensionInterface::CreateExtensionInterface: 
12-27 08:14:40.920   393   393 I SDM     : SDM-EXTENSION Version: Date: 02/24/18, Commit: 5d1f150, Change: I7dcca2690b
12-27 08:14:40.921   397   397 I android.hardware.power@1.0-service-qti: Power HAL Service 1.0 for QCOM is starting.
12-27 08:14:40.921   397   397 I QCOM PowerHAL: QCOM power HAL initing.
12-27 08:14:40.921   393   393 I SDM     : HWInfo::GetHWResourceInfo: SDE Version = 5, SDE Revision = 100f0000, RGB = 2, VIG = 1, DMA = 1, Cursor = 1
12-27 08:14:40.921   393   393 I SDM     : HWInfo::GetHWResourceInfo: Upscale Ratio = 20, Downscale Ratio = 4, Blending Stages = 4
12-27 08:14:40.921   393   393 I SDM     : HWInfo::GetHWResourceInfo: SourceSplit = 0 QSEED3 = 0
12-27 08:14:40.921   393   393 I SDM     : HWInfo::GetHWResourceInfo: BWC = 0, UBWC = 0, Decimation = 1, Tile Format = 0 Concurrent Writeback = 0
12-27 08:14:40.921   393   393 I SDM     : HWInfo::GetHWResourceInfo: MaxLowBw = 1800000 , MaxHighBw = 1800000
12-27 08:14:40.921   393   393 I SDM     : HWInfo::GetHWResourceInfo: MaxPipeBw = 1000000 KBps, MaxSDEClock = 320000000 Hz, ClockFudgeFactor = 1.050000
12-27 08:14:40.921   393   393 I SDM     : HWInfo::GetHWResourceInfo: Prefill factors: Tiled_NV12 = 8, Tiled = 4, Linear = 1, Scale = 1, Fudge_factor = 2
12-27 08:14:40.921   397   397 I ServiceManagement: Removing namespace from process name android.hardware.power@1.0-service-qti to power@1.0-servi.
12-27 08:14:40.922   393   393 I SDM     : HWInfo::GetMDSSRotatorInfo: MDSS Rotator: Count = 1, Downscale = 1, Min_downscale = 2.000000
12-27 08:14:40.922   393   393 I SDM     : HWInfo::GetHWResourceInfo: Has Support for multiple bw limits shown below
12-27 08:14:40.922   393   393 I SDM     : HWInfo::GetHWResourceInfo: Mode-index=0  total_bw_limit=3100000 and pipe_bw_limit=1000000
12-27 08:14:40.922   393   393 I SDM     : HWInfo::GetHWResourceInfo: Mode-index=1  total_bw_limit=1700000 and pipe_bw_limit=1000000
12-27 08:14:40.922   393   393 I SDM     : HWInfo::GetHWResourceInfo: Mode-index=2  total_bw_limit=1800000 and pipe_bw_limit=1000000
12-27 08:14:40.922   393   393 I SDM     : HWInfo::GetHWResourceInfo: Mode-index=3  total_bw_limit=1800000 and pipe_bw_limit=1000000
12-27 08:14:40.922   393   393 I SDM     : SessionManager::SessionManager: Allocate buffers synchronously = 0
12-27 08:14:40.930   393   393 I SDM     : CoreInterface::CreateCore: Open interface handle = 0x7d50c5b000
12-27 08:14:40.930   393   393 I SDM     : HWCSession::Register: Set uevent listener = 0x7d50c72000
12-27 08:14:40.930   393   393 I SDM     : HWInfo::GetFirstDisplayInterfaceType: First display is internal display
12-27 08:14:40.931   393   393 I SDM     : CPUHint::Init: Invalid CPU Hint Pre-enable Window -1
12-27 08:14:40.931   393   393 I SDM     : HWDevice::GetHWPanelMaxBrightnessFromNode: Max brightness level = 255
12-27 08:14:40.931   393   393 I SDM     : HWDevice::Init: access(/dev/graphics/fb0) successful
12-27 08:14:40.932   393   393 I SDM     : HWDevice::GetHWPanelMaxBrightnessFromNode: Max brightness level = 255
12-27 08:14:40.932   393   393 I SDM     : HWDevice::PopulateHWPanelInfo: Device type = 0, Display Port = 1, Display Mode = 1, Device Node = 0, Is Primary = 1
12-27 08:14:40.932   393   393 I SDM     : HWDevice::PopulateHWPanelInfo: Partial Update = 0, supported roi_count =1, Dynamic FPS = 0
12-27 08:14:40.932   393   393 I SDM     : HWDevice::PopulateHWPanelInfo: Align: left = 0, width = 0, top = 0, height = 0
12-27 08:14:40.932   393   393 I SDM     : HWDevice::PopulateHWPanelInfo: ROI: min_width = 0, min_height = 0, need_merge = 0
12-27 08:14:40.932   393   393 I SDM     : HWDevice::PopulateHWPanelInfo: FPS: min = 0, max =0
12-27 08:14:40.932   393   393 I SDM     : HWDevice::PopulateHWPanelInfo: Ping Pong Split = 0
12-27 08:14:40.932   393   393 I SDM     : HWDevice::PopulateHWPanelInfo: Left Split = 0, Right Split = 0
12-27 08:14:40.934   420   420 I tftp_server: Starting...
12-27 08:14:40.934   420   420 E tftp_server: pid=420 tid=420 tftp-server : ERR :[tftp_os_la.c, 267] lchown failed for path /persist/rfs with error -2 (No such file or directory)
12-27 08:14:40.934   420   420 E tftp_server: pid=420 tid=420 tftp-server : ERR :[tftp_os_la.c, 267] lchown failed for path /persist/hlos_rfs with error -2 (No such file or directory)
12-27 08:14:40.937   419   419 I rmt_storage: Shared memory initialised successfully.
12-27 08:14:40.937   419   419 I rmt_storage: Registering modemst1: 0x4a /boot/modem_fs1
12-27 08:14:40.937   419   419 I rmt_storage: Registering modemst2: 0x4b /boot/modem_fs2
12-27 08:14:40.937   419   419 I rmt_storage: Registering fsc: 0xff /boot/modem_fsc
12-27 08:14:40.937   419   419 I rmt_storage: Registering fsg: 0x58 /boot/modem_fsg
12-27 08:14:40.937   419   419 I rmt_storage: 4 GPT partitions found
12-27 08:14:40.937   419   419 I rmt_storage: Capset success!
12-27 08:14:40.939   414   414 D QSEECOMD: : Init dlopen(libsecureui.so, RTLD_NOW) succeeds
12-27 08:14:40.939   414   414 D QSEECOMD: : Init::Init dlsym(g_FSHandle secure_ui_init) succeeds
12-27 08:14:40.939   414   414 D QSEECOMD: : Init secure_ui_init ret = 0
12-27 08:14:40.939   414   414 D QSEECOMD: : secure UI services: init (Listener ID = 16384)
12-27 08:14:40.947   366   366 E SELinux : avc:  denied  { add } for interface=android.hardware.power::IPower sid=u:r:init:s0 pid=397 scontext=u:r:init:s0 tcontext=u:object_r:hal_power_hwservice:s0 tclass=hwservice_manager permissive=1
12-27 08:14:40.948   397   397 I android.hardware.power@1.0-service-qti: Successfully registered IPower
12-27 08:14:40.951   366   366 E SELinux : avc:  denied  { add } for interface=vendor.lineage.power::ILineagePower sid=u:r:init:s0 pid=397 scontext=u:r:init:s0 tcontext=u:object_r:hal_lineage_power_hwservice:s0 tclass=hwservice_manager permissive=1
12-27 08:14:40.953   393   393 I SDM     : HWDevice::GetHWPanelMaxBrightnessFromNode: Max brightness level = 255
12-27 08:14:40.953   414   414 D QSEECOMD: : Parent qseecom daemon process paused!! 
12-27 08:14:40.953   393   393 I SDM     : HWDevice::GetHWPanelMaxBrightnessFromNode: Max brightness level = 255
12-27 08:14:40.953   393   393 W SDM     : HWDevice::GetHWPanelInfoByNode: Failed to open msm_fb_panel_info node device node 2
12-27 08:14:40.953   393   393 W SDM     : HWDevice::GetHWPanelInfoByNode: Failed to open msm_fb_panel_info node device node 3
12-27 08:14:40.954   393   393 I SDM     : HWDevice::GetHWPanelMaxBrightnessFromNode: Max brightness level = 255
12-27 08:14:40.954   393   393 I SDM     : HWDevice::GetHWPanelMaxBrightnessFromNode: Max brightness level = 255
12-27 08:14:40.954   393   393 W SDM     : HWDevice::GetHWPanelInfoByNode: Failed to open msm_fb_panel_info node device node 2
12-27 08:14:40.954   393   393 W SDM     : HWDevice::GetHWPanelInfoByNode: Failed to open msm_fb_panel_info node device node 3
12-27 08:14:40.954   393   393 I SDM     : StrategyImpl::SetIdleTimeoutMs: Idle timeout: active = 70, inactive = 520
12-27 08:14:40.954   420   420 I tftp_server: pid=420 tid=420 tftp-server : INF :[tftp_os_la.c, 121] mkdir failed: [17] [/data/vendor/tombstones/rfs/modem] [File exists]
12-27 08:14:40.954   420   420 I tftp_server: pid=420 tid=420 tftp-server : INF :[tftp_os_la.c, 141] chown failed: [1] [/data/vendor/tombstones/rfs/modem] [Operation not permitted]
12-27 08:14:40.954   393   393 W SDM     : ColorManager::CreateColorManagerProxy: PAV2 version is versions = 11, version = 11 
12-27 08:14:40.954   420   420 I tftp_server: pid=420 tid=420 tftp-server : INF :[tftp_os_la.c, 141] chown failed: [1] [/data/vendor/tombstones/rfs/modem] [Operation not permitted]
12-27 08:14:40.955   420   420 I tftp_server: pid=420 tid=420 tftp-server : INF :[tftp_os_la.c, 121] mkdir failed: [17] [/data/vendor/tombstones/rfs/modem/] [File exists]
12-27 08:14:40.955   420   420 I tftp_server: pid=420 tid=420 tftp-server : INF :[tftp_os_la.c, 141] chown failed: [1] [/data/vendor/tombstones/rfs/modem/] [Operation not permitted]
12-27 08:14:40.955   420   420 I tftp_server: pid=420 tid=420 tftp-server : INF :[tftp_os_la.c, 121] mkdir failed: [17] [/data/vendor/tombstones/rfs/lpass] [File exists]
12-27 08:14:40.955   420   420 I tftp_server: pid=420 tid=420 tftp-server : INF :[tftp_os_la.c, 141] chown failed: [1] [/data/vendor/tombstones/rfs/lpass] [Operation not permitted]
12-27 08:14:40.955   420   420 I tftp_server: pid=420 tid=420 tftp-server : INF :[tftp_os_la.c, 141] chown failed: [1] [/data/vendor/tombstones/rfs/lpass] [Operation not permitted]
12-27 08:14:40.955   420   420 I tftp_server: pid=420 tid=420 tftp-server : INF :[tftp_os_la.c, 121] mkdir failed: [17] [/data/vendor/tombstones/rfs/lpass/] [File exists]
12-27 08:14:40.955   393   393 W SDM     : DisplayBase::Init: InitColorModes failed for display = 0
12-27 08:14:40.955   420   420 I tftp_server: pid=420 tid=420 tftp-server : INF :[tftp_os_la.c, 141] chown failed: [1] [/data/vendor/tombstones/rfs/lpass/] [Operation not permitted]
12-27 08:14:40.955   393   393 W SDM     : HWEvents::InitializePollFd: open failed for display=0 event=idle_power_collapse, error=No such file or directory
12-27 08:14:40.956   393   393 I SDM     : HWCDisplay::Init: Display created with id: 0
12-27 08:14:40.956   393   393 W SDM     : HWCDisplay::PopulateColorModes: GetColorModeCount failed, use native color mode
12-27 08:14:40.956   393   393 I SDM     : DisplayBase::SetFrameBufferConfig: New framebuffer resolution (720x1280)
12-27 08:14:40.956   420   420 I tftp_server: pid=420 tid=420 tftp-server : INF :[tftp_os_la.c, 121] mkdir failed: [17] [/data/vendor/tombstones/rfs/tn] [File exists]
12-27 08:14:40.956   420   420 I tftp_server: pid=420 tid=420 tftp-server : INF :[tftp_os_la.c, 141] chown failed: [1] [/data/vendor/tombstones/rfs/tn] [Operation not permitted]
12-27 08:14:40.956   420   420 I tftp_server: pid=420 tid=420 tftp-server : INF :[tftp_os_la.c, 141] chown failed: [1] [/data/vendor/tombstones/rfs/tn] [Operation not permitted]
12-27 08:14:40.956   420   420 I tftp_server: pid=420 tid=420 tftp-server : INF :[tftp_os_la.c, 121] mkdir failed: [17] [/data/vendor/tombstones/rfs/tn/] [File exists]
12-27 08:14:40.956   420   420 I tftp_server: pid=420 tid=420 tftp-server : INF :[tftp_os_la.c, 141] chown failed: [1] [/data/vendor/tombstones/rfs/tn/] [Operation not permitted]
12-27 08:14:40.956   420   420 I tftp_server: pid=420 tid=420 tftp-server : INF :[tftp_os_la.c, 121] mkdir failed: [17] [/data/vendor/tombstones/rfs/slpi] [File exists]
12-27 08:14:40.956   420   420 I tftp_server: pid=420 tid=420 tftp-server : INF :[tftp_os_la.c, 141] chown failed: [1] [/data/vendor/tombstones/rfs/slpi] [Operation not permitted]
12-27 08:14:40.956   420   420 I tftp_server: pid=420 tid=420 tftp-server : INF :[tftp_os_la.c, 141] chown failed: [1] [/data/vendor/tombstones/rfs/slpi] [Operation not permitted]
12-27 08:14:40.956   420   420 I tftp_server: pid=420 tid=420 tftp-server : INF :[tftp_os_la.c, 121] mkdir failed: [17] [/data/vendor/tombstones/rfs/slpi/] [File exists]
12-27 08:14:40.957   420   420 I tftp_server: pid=420 tid=420 tftp-server : INF :[tftp_os_la.c, 141] chown failed: [1] [/data/vendor/tombstones/rfs/slpi/] [Operation not permitted]
12-27 08:14:40.957   420   420 I tftp_server: pid=420 tid=420 tftp-server : INF :[tftp_os_la.c, 121] mkdir failed: [2] [/persist/rfs/shared] [No such file or directory]
12-27 08:14:40.957   420   420 I tftp_server: pid=420 tid=420 tftp-server : INF :[tftp_os_la.c, 121] mkdir failed: [30] [/persist/rfs] [Read-only file system]
12-27 08:14:40.957   420   420 E tftp_server: pid=420 tid=420 tftp-server : ERR :[tftp_server_folders_la.c, 237] Failed to auto_dir for(/persist/rfs/shared/) errno = -30 (Read-only file system)
12-27 08:14:40.957   420   420 I tftp_server: pid=420 tid=420 tftp-server : INF :[tftp_os_la.c, 121] mkdir failed: [2] [/persist/rfs/shared/] [No such file or directory]
12-27 08:14:40.957   420   420 I tftp_server: pid=420 tid=420 tftp-server : INF :[tftp_os_la.c, 121] mkdir failed: [2] [/persist/rfs/msm/mpss] [No such file or directory]
12-27 08:14:40.957   420   420 I tftp_server: pid=420 tid=420 tftp-server : INF :[tftp_os_la.c, 121] mkdir failed: [2] [/persist/rfs/msm] [No such file or directory]
12-27 08:14:40.957   420   420 I tftp_server: pid=420 tid=420 tftp-server : INF :[tftp_os_la.c, 121] mkdir failed: [30] [/persist/rfs] [Read-only file system]
12-27 08:14:40.957   420   420 E tftp_server: pid=420 tid=420 tftp-server : ERR :[tftp_server_folders_la.c, 237] Failed to auto_dir for(/persist/rfs/msm/mpss/) errno = -30 (Read-only file system)
12-27 08:14:40.957   420   420 I tftp_server: pid=420 tid=420 tftp-server : INF :[tftp_os_la.c, 121] mkdir failed: [2] [/persist/rfs/msm/mpss/] [No such file or directory]
12-27 08:14:40.957   420   420 I tftp_server: pid=420 tid=420 tftp-server : INF :[tftp_os_la.c, 121] mkdir failed: [2] [/persist/rfs/msm/adsp] [No such file or directory]
12-27 08:14:40.957   420   420 I tftp_server: pid=420 tid=420 tftp-server : INF :[tftp_os_la.c, 121] mkdir failed: [2] [/persist/rfs/msm] [No such file or directory]
12-27 08:14:40.957   420   420 I tftp_server: pid=420 tid=420 tftp-server : INF :[tftp_os_la.c, 121] mkdir failed: [30] [/persist/rfs] [Read-only file system]
12-27 08:14:40.957   420   420 E tftp_server: pid=420 tid=420 tftp-server : ERR :[tftp_server_folders_la.c, 237] Failed to auto_dir for(/persist/rfs/msm/adsp/) errno = -30 (Read-only file system)
12-27 08:14:40.957   420   420 I tftp_server: pid=420 tid=420 tftp-server : INF :[tftp_os_la.c, 121] mkdir failed: [2] [/persist/rfs/msm/adsp/] [No such file or directory]
12-27 08:14:40.957   420   420 I tftp_server: pid=420 tid=420 tftp-server : INF :[tftp_os_la.c, 121] mkdir failed: [2] [/persist/rfs/msm/slpi] [No such file or directory]
12-27 08:14:40.957   420   420 I tftp_server: pid=420 tid=420 tftp-server : INF :[tftp_os_la.c, 121] mkdir failed: [2] [/persist/rfs/msm] [No such file or directory]
12-27 08:14:40.957   420   420 I tftp_server: pid=420 tid=420 tftp-server : INF :[tftp_os_la.c, 121] mkdir failed: [30] [/persist/rfs] [Read-only file system]
12-27 08:14:40.957   420   420 E tftp_server: pid=420 tid=420 tftp-server : ERR :[tftp_server_folders_la.c, 237] Failed to auto_dir for(/persist/rfs/msm/slpi/) errno = -30 (Read-only file system)
12-27 08:14:40.957   420   420 I tftp_server: pid=420 tid=420 tftp-server : INF :[tftp_os_la.c, 121] mkdir failed: [2] [/persist/rfs/msm/slpi/] [No such file or directory]
12-27 08:14:40.957   420   420 I tftp_server: pid=420 tid=420 tftp-server : INF :[tftp_os_la.c, 121] mkdir failed: [2] [/persist/rfs/mdm/mpss] [No such file or directory]
12-27 08:14:40.957   420   420 I tftp_server: pid=420 tid=420 tftp-server : INF :[tftp_os_la.c, 121] mkdir failed: [2] [/persist/rfs/mdm] [No such file or directory]
12-27 08:14:40.957   420   420 I tftp_server: pid=420 tid=420 tftp-server : INF :[tftp_os_la.c, 121] mkdir failed: [30] [/persist/rfs] [Read-only file system]
12-27 08:14:40.957   420   420 E tftp_server: pid=420 tid=420 tftp-server : ERR :[tftp_server_folders_la.c, 237] Failed to auto_dir for(/persist/rfs/mdm/mpss/) errno = -30 (Read-only file system)
12-27 08:14:40.957   420   420 I tftp_server: pid=420 tid=420 tftp-server : INF :[tftp_os_la.c, 121] mkdir failed: [2] [/persist/rfs/mdm/mpss/] [No such file or directory]
12-27 08:14:40.957   420   420 I tftp_server: pid=420 tid=420 tftp-server : INF :[tftp_os_la.c, 121] mkdir failed: [2] [/persist/rfs/mdm/adsp] [No such file or directory]
12-27 08:14:40.957   420   420 I tftp_server: pid=420 tid=420 tftp-server : INF :[tftp_os_la.c, 121] mkdir failed: [2] [/persist/rfs/mdm] [No such file or directory]
12-27 08:14:40.957   420   420 I tftp_server: pid=420 tid=420 tftp-server : INF :[tftp_os_la.c, 121] mkdir failed: [30] [/persist/rfs] [Read-only file system]
12-27 08:14:40.957   420   420 E tftp_server: pid=420 tid=420 tftp-server : ERR :[tftp_server_folders_la.c, 237] Failed to auto_dir for(/persist/rfs/mdm/adsp/) errno = -30 (Read-only file system)
12-27 08:14:40.957   420   420 I tftp_server: pid=420 tid=420 tftp-server : INF :[tftp_os_la.c, 121] mkdir failed: [2] [/persist/rfs/mdm/adsp/] [No such file or directory]
12-27 08:14:40.957   420   420 I tftp_server: pid=420 tid=420 tftp-server : INF :[tftp_os_la.c, 121] mkdir failed: [2] [/persist/rfs/mdm/slpi] [No such file or directory]
12-27 08:14:40.957   420   420 I tftp_server: pid=420 tid=420 tftp-server : INF :[tftp_os_la.c, 121] mkdir failed: [2] [/persist/rfs/mdm] [No such file or directory]
12-27 08:14:40.957   420   420 I tftp_server: pid=420 tid=420 tftp-server : INF :[tftp_os_la.c, 121] mkdir failed: [30] [/persist/rfs] [Read-only file system]
12-27 08:14:40.957   420   420 E tftp_server: pid=420 tid=420 tftp-server : ERR :[tftp_server_folders_la.c, 237] Failed to auto_dir for(/persist/rfs/mdm/slpi/) errno = -30 (Read-only file system)
12-27 08:14:40.958   420   420 I tftp_server: pid=420 tid=420 tftp-server : INF :[tftp_os_la.c, 121] mkdir failed: [2] [/persist/rfs/mdm/slpi/] [No such file or directory]
12-27 08:14:40.958   420   420 I tftp_server: pid=420 tid=420 tftp-server : INF :[tftp_os_la.c, 121] mkdir failed: [2] [/persist/rfs/mdm/tn] [No such file or directory]
12-27 08:14:40.958   420   420 I tftp_server: pid=420 tid=420 tftp-server : INF :[tftp_os_la.c, 121] mkdir failed: [2] [/persist/rfs/mdm] [No such file or directory]
12-27 08:14:40.958   420   420 I tftp_server: pid=420 tid=420 tftp-server : INF :[tftp_os_la.c, 121] mkdir failed: [30] [/persist/rfs] [Read-only file system]
12-27 08:14:40.958   420   420 E tftp_server: pid=420 tid=420 tftp-server : ERR :[tftp_server_folders_la.c, 237] Failed to auto_dir for(/persist/rfs/mdm/tn/) errno = -30 (Read-only file system)
12-27 08:14:40.958   420   420 I tftp_server: pid=420 tid=420 tftp-server : INF :[tftp_os_la.c, 121] mkdir failed: [2] [/persist/rfs/mdm/tn/] [No such file or directory]
12-27 08:14:40.958   420   420 I tftp_server: pid=420 tid=420 tftp-server : INF :[tftp_os_la.c, 121] mkdir failed: [2] [/persist/rfs/apq/gnss] [No such file or directory]
12-27 08:14:40.958   420   420 I tftp_server: pid=420 tid=420 tftp-server : INF :[tftp_os_la.c, 121] mkdir failed: [2] [/persist/rfs/apq] [No such file or directory]
12-27 08:14:40.958   420   420 I tftp_server: pid=420 tid=420 tftp-server : INF :[tftp_os_la.c, 121] mkdir failed: [30] [/persist/rfs] [Read-only file system]
12-27 08:14:40.958   420   420 E tftp_server: pid=420 tid=420 tftp-server : ERR :[tftp_server_folders_la.c, 237] Failed to auto_dir for(/persist/rfs/apq/gnss/) errno = -30 (Read-only file system)
12-27 08:14:40.958   420   420 I tftp_server: pid=420 tid=420 tftp-server : INF :[tftp_os_la.c, 121] mkdir failed: [2] [/persist/rfs/apq/gnss/] [No such file or directory]
12-27 08:14:40.958   420   420 I tftp_server: pid=420 tid=420 tftp-server : INF :[tftp_os_la.c, 121] mkdir failed: [2] [/persist/hlos_rfs/shared] [No such file or directory]
12-27 08:14:40.958   420   420 I tftp_server: pid=420 tid=420 tftp-server : INF :[tftp_os_la.c, 141] chown failed: [2] [/persist/hlos_rfs/shared] [No such file or directory]
12-27 08:14:40.958   420   420 I tftp_server: pid=420 tid=420 tftp-server : INF :[tftp_os_la.c, 149] chown gid failed: [2] [/persist/hlos_rfs/shared] [No such file or directory]
12-27 08:14:40.958   420   420 I tftp_server: pid=420 tid=420 tftp-server : INF :[tftp_os_la.c, 121] mkdir failed: [30] [/persist/hlos_rfs] [Read-only file system]
12-27 08:14:40.958   420   420 I tftp_server: pid=420 tid=420 tftp-server : INF :[tftp_os_la.c, 141] chown failed: [2] [/persist/hlos_rfs] [No such file or directory]
12-27 08:14:40.958   420   420 I tftp_server: pid=420 tid=420 tftp-server : INF :[tftp_os_la.c, 149] chown gid failed: [2] [/persist/hlos_rfs] [No such file or directory]
12-27 08:14:40.958   420   420 E tftp_server: pid=420 tid=420 tftp-server : ERR :[tftp_server_folders_la.c, 198] Failed to auto_dir for(/persist/hlos_rfs/shared/) errno = -30 (Read-only file system)
12-27 08:14:40.958   420   420 I tftp_server: pid=420 tid=420 tftp-server : INF :[tftp_os_la.c, 121] mkdir failed: [2] [/persist/hlos_rfs/shared/] [No such file or directory]
12-27 08:14:40.958   420   420 I tftp_server: pid=420 tid=420 tftp-server : INF :[tftp_os_la.c, 141] chown failed: [2] [/persist/hlos_rfs/shared/] [No such file or directory]
12-27 08:14:40.958   420   420 I tftp_server: pid=420 tid=420 tftp-server : INF :[tftp_os_la.c, 149] chown gid failed: [2] [/persist/hlos_rfs/shared/] [No such file or directory]
12-27 08:14:40.958   420   420 E tftp_server: pid=420 tid=420 tftp-server : ERR :[tftp_server.c, 578] Server folder init failed! error = 1.
12-27 08:14:40.958   420   420 E tftp_server: pid=420 tid=420 tftp-server : ERR :[tftp_server.c, 579] Attempting to continue.... some paths maybe inaccessible.
12-27 08:14:40.958   397   397 I android.hardware.power@1.0-service-qti: Successfully registered ILineagePower
12-27 08:14:40.958   397   397 I android.hardware.power@1.0-service-qti: Power Service is ready
12-27 08:14:40.959   417   417 D eSEPowerManagerServer: loading eseservice
12-27 08:14:40.959   417   417 D QSEECOMAPI: QSEECom_get_handle sb_length = 0x400
12-27 08:14:40.959   417   417 D QSEECOMAPI: App is not loaded in QSEE
12-27 08:14:40.959   417   417 E QSEECOMAPI: Error::Cannot open the file /system/etc/firmware/eseservice.mdt errno = 2
12-27 08:14:40.959   417   417 E QSEECOMAPI: Error::Loading image failed with ret = -1
12-27 08:14:40.959   417   417 E eSEPowerManagerServer: loading eseservice failed
12-27 08:14:40.959   440   440 D QSEECOMD: : qseecom listener service threads starting!!! 
12-27 08:14:40.959   417   417 D eSEPowerManagerServer: IeSEPowerManager is starting
12-27 08:14:40.959   440   440 D QSEECOMD: : Total listener services to start = 9
12-27 08:14:40.959   440   440 E QSEECOMD: : Listener: index = 0, hierarchy = 1
12-27 08:14:40.960   440   440 D QSEECOMD: : Init dlopen(librpmb.so, RTLD_NOW) succeeds
12-27 08:14:40.960   440   440 D QSEECOMD: : Init::Init dlsym(g_FSHandle rpmb_start) succeeds
12-27 08:14:40.960   440   440 D QSEECOMAPI: QSEECom_register_listener 8192 sb_length = 0x6400
12-27 08:14:40.963   440   440 D QSEECOMD: : Init rpmb_start ret = 0
12-27 08:14:40.963   440   440 D QSEECOMD: : RPMB system services: Started (Listener ID = 8192)
12-27 08:14:40.963   440   440 E QSEECOMD: : Listener: index = 1, hierarchy = 1
12-27 08:14:40.963   440   440 D QSEECOMD: : Init dlopen(libssd.so, RTLD_NOW) succeeds
12-27 08:14:40.963   440   440 D QSEECOMD: : Init::Init dlsym(g_FSHandle ssd_start) succeeds
12-27 08:14:40.963   440   440 D QSEECOMAPI: QSEECom_register_listener 12288 sb_length = 0x5000
12-27 08:14:40.964   420   420 E tftp_server: pid=420 tid=420 tftp-server : ERR :[tftp_server.c, 206] Open of  /vendor/rfs/msm/mpss/shared/server_info.txt failed with -2
12-27 08:14:40.964   420   420 E tftp_server: pid=420 tid=420 tftp-server : ERR :[tftp_server.c, 231] Info file creation failed..!
