12-21 22:35:15.010   417   417 I tftp_server: pid=417 tid=417 tftp-server : INF :[tftp_os_la.c, 121] mkdir failed: [2] [/persist/rfs/mdm/mpss/] [No such file or directory]
12-21 22:35:15.010   417   417 I tftp_server: pid=417 tid=417 tftp-server : INF :[tftp_os_la.c, 121] mkdir failed: [2] [/persist/rfs/mdm/adsp] [No such file or directory]
12-21 22:35:15.010   417   417 I tftp_server: pid=417 tid=417 tftp-server : INF :[tftp_os_la.c, 121] mkdir failed: [2] [/persist/rfs/mdm] [No such file or directory]
12-21 22:35:15.010   417   417 I tftp_server: pid=417 tid=417 tftp-server : INF :[tftp_os_la.c, 121] mkdir failed: [30] [/persist/rfs] [Read-only file system]
12-21 22:35:15.010   417   417 E tftp_server: pid=417 tid=417 tftp-server : ERR :[tftp_server_folders_la.c, 237] Failed to auto_dir for(/persist/rfs/mdm/adsp/) errno = -30 (Read-only file system)
12-21 22:35:15.010   417   417 I tftp_server: pid=417 tid=417 tftp-server : INF :[tftp_os_la.c, 121] mkdir failed: [2] [/persist/rfs/mdm/adsp/] [No such file or directory]
12-21 22:35:15.010   417   417 I tftp_server: pid=417 tid=417 tftp-server : INF :[tftp_os_la.c, 121] mkdir failed: [2] [/persist/rfs/mdm/slpi] [No such file or directory]
12-21 22:35:15.010   417   417 I tftp_server: pid=417 tid=417 tftp-server : INF :[tftp_os_la.c, 121] mkdir failed: [2] [/persist/rfs/mdm] [No such file or directory]
12-21 22:35:15.010   406   406 I LocSvc_HIDL_vendor.qti.gnss@1.0-service: main
12-21 22:35:15.010   417   417 I tftp_server: pid=417 tid=417 tftp-server : INF :[tftp_os_la.c, 121] mkdir failed: [30] [/persist/rfs] [Read-only file system]
12-21 22:35:15.010   417   417 E tftp_server: pid=417 tid=417 tftp-server : ERR :[tftp_server_folders_la.c, 237] Failed to auto_dir for(/persist/rfs/mdm/slpi/) errno = -30 (Read-only file system)
12-21 22:35:15.010   417   417 I tftp_server: pid=417 tid=417 tftp-server : INF :[tftp_os_la.c, 121] mkdir failed: [2] [/persist/rfs/mdm/slpi/] [No such file or directory]
12-21 22:35:15.010   417   417 I tftp_server: pid=417 tid=417 tftp-server : INF :[tftp_os_la.c, 121] mkdir failed: [2] [/persist/rfs/mdm/tn] [No such file or directory]
12-21 22:35:15.011   417   417 I tftp_server: pid=417 tid=417 tftp-server : INF :[tftp_os_la.c, 121] mkdir failed: [2] [/persist/rfs/mdm] [No such file or directory]
12-21 22:35:15.011   417   417 I tftp_server: pid=417 tid=417 tftp-server : INF :[tftp_os_la.c, 121] mkdir failed: [30] [/persist/rfs] [Read-only file system]
12-21 22:35:15.011   417   417 E tftp_server: pid=417 tid=417 tftp-server : ERR :[tftp_server_folders_la.c, 237] Failed to auto_dir for(/persist/rfs/mdm/tn/) errno = -30 (Read-only file system)
12-21 22:35:15.011   417   417 I tftp_server: pid=417 tid=417 tftp-server : INF :[tftp_os_la.c, 121] mkdir failed: [2] [/persist/rfs/mdm/tn/] [No such file or directory]
12-21 22:35:15.011   417   417 I tftp_server: pid=417 tid=417 tftp-server : INF :[tftp_os_la.c, 121] mkdir failed: [2] [/persist/rfs/apq/gnss] [No such file or directory]
12-21 22:35:15.011   417   417 I tftp_server: pid=417 tid=417 tftp-server : INF :[tftp_os_la.c, 121] mkdir failed: [2] [/persist/rfs/apq] [No such file or directory]
12-21 22:35:15.011   417   417 I tftp_server: pid=417 tid=417 tftp-server : INF :[tftp_os_la.c, 121] mkdir failed: [30] [/persist/rfs] [Read-only file system]
12-21 22:35:15.011   417   417 E tftp_server: pid=417 tid=417 tftp-server : ERR :[tftp_server_folders_la.c, 237] Failed to auto_dir for(/persist/rfs/apq/gnss/) errno = -30 (Read-only file system)
12-21 22:35:15.011   417   417 I tftp_server: pid=417 tid=417 tftp-server : INF :[tftp_os_la.c, 121] mkdir failed: [2] [/persist/rfs/apq/gnss/] [No such file or directory]
12-21 22:35:15.011   417   417 I tftp_server: pid=417 tid=417 tftp-server : INF :[tftp_os_la.c, 121] mkdir failed: [2] [/persist/hlos_rfs/shared] [No such file or directory]
12-21 22:35:15.011   417   417 I tftp_server: pid=417 tid=417 tftp-server : INF :[tftp_os_la.c, 141] chown failed: [2] [/persist/hlos_rfs/shared] [No such file or directory]
12-21 22:35:15.011   417   417 I tftp_server: pid=417 tid=417 tftp-server : INF :[tftp_os_la.c, 149] chown gid failed: [2] [/persist/hlos_rfs/shared] [No such file or directory]
12-21 22:35:15.011   417   417 I tftp_server: pid=417 tid=417 tftp-server : INF :[tftp_os_la.c, 121] mkdir failed: [30] [/persist/hlos_rfs] [Read-only file system]
12-21 22:35:15.011   417   417 I tftp_server: pid=417 tid=417 tftp-server : INF :[tftp_os_la.c, 141] chown failed: [2] [/persist/hlos_rfs] [No such file or directory]
12-21 22:35:15.011   417   417 I tftp_server: pid=417 tid=417 tftp-server : INF :[tftp_os_la.c, 149] chown gid failed: [2] [/persist/hlos_rfs] [No such file or directory]
12-21 22:35:15.011   417   417 E tftp_server: pid=417 tid=417 tftp-server : ERR :[tftp_server_folders_la.c, 198] Failed to auto_dir for(/persist/hlos_rfs/shared/) errno = -30 (Read-only file system)
12-21 22:35:15.011   417   417 I tftp_server: pid=417 tid=417 tftp-server : INF :[tftp_os_la.c, 121] mkdir failed: [2] [/persist/hlos_rfs/shared/] [No such file or directory]
12-21 22:35:15.011   417   417 I tftp_server: pid=417 tid=417 tftp-server : INF :[tftp_os_la.c, 141] chown failed: [2] [/persist/hlos_rfs/shared/] [No such file or directory]
12-21 22:35:15.011   417   417 I tftp_server: pid=417 tid=417 tftp-server : INF :[tftp_os_la.c, 149] chown gid failed: [2] [/persist/hlos_rfs/shared/] [No such file or directory]
12-21 22:35:15.011   417   417 E tftp_server: pid=417 tid=417 tftp-server : ERR :[tftp_server.c, 578] Server folder init failed! error = 1.
12-21 22:35:15.011   417   417 E tftp_server: pid=417 tid=417 tftp-server : ERR :[tftp_server.c, 579] Attempting to continue.... some paths maybe inaccessible.
12-21 22:35:15.012   418   418 I PerMgrSrv: Peripheral Mananager service start
12-21 22:35:15.012   418   418 I PerMgrSrv: power-off timeout 500,ms; event-ack timeout 200,ms; debug-mode false
12-21 22:35:15.012   418   418 I PerMgrSrv: Statistics for : modem
12-21 22:35:15.012   418   418 I PerMgrSrv: modem: Current State : is off-line
12-21 22:35:15.012   418   418 I PerMgrSrv: modem: Voter/Listener count : 0/0
12-21 22:35:15.012   418   418 I PerMgrSrv: modem: Power on count : 0
12-21 22:35:15.012   418   418 I PerMgrSrv: modem: Power off count: 0
12-21 22:35:15.012   418   418 I PerMgrSrv: modem: Client list:
12-21 22:35:15.013   434   452 I QISL    : QSEE Interrupt Service Listener Thread is started
12-21 22:35:15.013   434   452 D QSEECOMAPI: QSEECom_register_listener 36864 sb_length = 0x1f4
12-21 22:35:15.013   417   417 E tftp_server: pid=417 tid=417 tftp-server : ERR :[tftp_server.c, 206] Open of  /vendor/rfs/msm/mpss/shared/server_info.txt failed with -2
12-21 22:35:15.014   417   417 E tftp_server: pid=417 tid=417 tftp-server : ERR :[tftp_server.c, 231] Info file creation failed..!
12-21 22:35:15.014   434   452 I QISL    : QSEE Interrupt Service Listener was activated successfully
12-21 22:35:15.014   434   434 D QSEECOMD: : Init qisl_start ret = 0
12-21 22:35:15.014   434   434 D QSEECOMD: : interrupt services: Started (Listener ID = 36864)
12-21 22:35:15.014   434   434 E QSEECOMD: : Listener: index = 7, hierarchy = 1
12-21 22:35:15.014   364   364 E SELinux : avc:  denied  { find } for interface=android.hardware.gnss::IGnss sid=u:r:init:s0 pid=406 scontext=u:r:init:s0 tcontext=u:object_r:hal_gnss_hwservice:s0 tclass=hwservice_manager permissive=1
12-21 22:35:15.015   406   406 D vndksupport: Loading /vendor/lib64/hw/android.hardware.gnss@1.0-impl-qti.so from current namespace instead of sphal namespace.
12-21 22:35:15.016   434   434 D QSEECOMD: : Init dlopen(libspl.so, RTLD_NOW) succeeds
12-21 22:35:15.017   434   434 D QSEECOMD: : Init::Init dlsym(g_FSHandle spl_start) succeeds
12-21 22:35:15.017   434   434 D SPL     : Call QSEECom_register_listener()
12-21 22:35:15.017   434   434 D QSEECOMAPI: QSEECom_register_listener 45056 sb_length = 0x400
12-21 22:35:15.017   385   385 E audiohalservice: Could not get passthrough implementation for android.hardware.soundtrigger@2.0::ISoundTriggerHw/default.
12-21 22:35:15.017   385   385 E audiohalservice: Error while registering soundtrigger service: 1
12-21 22:35:15.019   389   389 I ServiceManagement: Removing namespace from process name android.hardware.drm@1.0-service to drm@1.0-service.
12-21 22:35:15.020   434   434 D SPL     : Registered listener sucessfully!
12-21 22:35:15.020   434   434 D SPL     : pipe read-fd [27] write-fd [28]
12-21 22:35:15.020   434   434 D SPL     : Create thread
12-21 22:35:15.020   434   434 D SPL     : Thread created sucessfully.
12-21 22:35:15.020   434   434 D QSEECOMD: : Init spl_start ret = 0
12-21 22:35:15.020   434   434 D QSEECOMD: : secure processor services: Started (Listener ID = 45056)
12-21 22:35:15.020   434   434 E QSEECOMD: : Listener: index = 8, hierarchy = 1
12-21 22:35:15.021   389   389 I android.hardware.drm@1.0-service: Registration complete for android.hardware.drm@1.0::IDrmFactory/default.
12-21 22:35:15.023   389   389 D vndksupport: Loading /vendor/lib/hw/android.hardware.drm@1.0-impl.so from current namespace instead of sphal namespace.
12-21 22:35:15.023   410   410 E ANDR-PERF-TARGET-INIT: Inside InitializeTarget
12-21 22:35:15.024   410   410 E ANDR-PERF-TARGET-INIT: Init msm8917
12-21 22:35:15.025   434   434 D QSEECOMD: : Init dlopen(libGPreqcancel.so, RTLD_NOW) succeeds
12-21 22:35:15.025   434   434 D QSEECOMD: : Init::Init dlsym(g_FSHandle gp_reqcancel_start) succeeds
12-21 22:35:15.025   434   434 D QSEECOMAPI: QSEECom_register_listener 4352 sb_length = 0x5000
12-21 22:35:15.026   389   389 I ServiceManagement: Removing namespace from process name android.hardware.drm@1.0-service to drm@1.0-service.
12-21 22:35:15.026   418   454 I PerMgrSrv: QMI service start
12-21 22:35:15.027   434   434 D QSEECOMD: : Init gp_reqcancel_start ret = 0
12-21 22:35:15.027   434   434 D QSEECOMD: : gp request cancellation services: Started (Listener ID = 4352)
12-21 22:35:15.029   434   457 D SPL     : spl_dispatch() started
12-21 22:35:15.030   434   457 D SPL     : ==== Wait For Request ======
12-21 22:35:15.030   389   389 I android.hardware.drm@1.0-service: Registration complete for android.hardware.drm@1.0::ICryptoFactory/default.
12-21 22:35:15.038   410   410 E ANDR-PERF-OPTSDATA: Error: core_ctl_cpu is not initialized for this target
12-21 22:35:15.038   410   410 E ANDR-PERF-OPTSDATA: Error: Core ctl not present
12-21 22:35:15.038   410   410 E ANDR-PERF-OPTSDATA: Error: core_ctl not present or min/max cpu nodes initialization failed
12-21 22:35:15.038   410   410 E ANDR-PERF-OPTSHANDLER: Error: Sched Frequency Aggregation support not present
12-21 22:35:15.038   410   410 I ServiceManagement: Removing namespace from process name vendor.qti.hardware.perf@1.0-service to perf@1.0-servic.
12-21 22:35:15.039   410   465 E ANDR-PERF-MPCTL:  before pthread_cond_wait 1711, chk_core_online_poll
12-21 22:35:15.039   410   464 E ANDR-PERF-MPCTL: perflock: Workload detect thread created
12-21 22:35:15.039   410   464 E ANDR-PERF-MPCTL: perflock: iobusy pfd initialized
12-21 22:35:15.039   410   464 E ANDR-PERF-MPCTL: perflock: mode pfd initialized
12-21 22:35:15.039   410   464 E ANDR-PERF-MPCTL: perflock: Read file 0: 0
12-21 22:35:15.039   410   464 E ANDR-PERF-MPCTL: perflock: Read file 1: 0
12-21 22:35:15.039   410   464 E ANDR-PERF-MPCTL: perflock: Mode change 0
12-21 22:35:15.042   410   410 E vendor.qti.hardware.perf@1.0-service: Registered IPerf HAL service success!
12-21 22:35:15.043   364   364 E SELinux : avc:  denied  { add } for interface=android.hardware.gnss::IGnss sid=u:r:init:s0 pid=406 scontext=u:r:init:s0 tcontext=u:object_r:hal_gnss_hwservice:s0 tclass=hwservice_manager permissive=1
12-21 22:35:15.044   459   459 I lineage :                       |___/
12-21 22:35:15.044   406   406 I LocSvc_HIDL_vendor.qti.gnss@1.0-service: Registration complete for android.hardware.gnss@1.0::IGnss/default.
12-21 22:35:15.046   406   406 D vndksupport: Loading /vendor/lib64/hw/vendor.qti.gnss@1.0-impl.so from current namespace instead of sphal namespace.
12-21 22:35:15.047   392   392 I SDM     : HWCDisplay::SetFrameBufferResolution: New framebuffer resolution (720x1280)
12-21 22:35:15.048   392   392 I SDM     : HWCColorManager::CreateColorManager: Successfully loaded libsdm-disp-vndapis.so
12-21 22:35:15.048   411   411 D         : QdutilsDisp: svc service starting :)
12-21 22:35:15.048   411   411 I ServiceManagement: Removing namespace from process name vendor.qti.hardware.qdutils_disp@1.0-service-qti to qdutils_disp@1..
12-21 22:35:15.050   411   411 E         : Registered IQdutilsDisp HAL service success!
12-21 22:35:15.061   392   392 I SDM     : HWCColorManager::CreateColorManager: Successfully loaded libsdm-disp-vndapis.so and libsdm-diag.so and diag_init'ed
12-21 22:35:15.062   392   392 I ServiceManagement: Removing namespace from process name android.hardware.graphics.composer@2.1-service to composer@2.1-se.
12-21 22:35:15.063   392   392 I android.hardware.graphics.composer@2.1-service: Registration complete for android.hardware.graphics.composer@2.1::IComposer/default.
12-21 22:35:15.094   469   469 I lineage : Welcome to Android 8.1.0 / LineageOS-15.1-20200311-UNOFFICIAL-perry
12-21 22:35:15.111   470   470 I sysinit : Running /system/etc/init.d/90userinit
12-21 22:35:15.113   426   426 I /system/bin/surfaceflinger: android::hardware::configstore::V1_0::ISurfaceFlingerConfigs::maxFrameBufferAcquiredBuffers retrieved: 3
12-21 22:35:15.118   426   426 I /system/bin/surfaceflinger: android::hardware::configstore::V1_0::ISurfaceFlingerConfigs::startGraphicsAllocatorService retrieved: 0
12-21 22:35:15.120   426   426 I SurfaceFlinger: SurfaceFlinger is starting
12-21 22:35:15.121   426   426 I /system/bin/surfaceflinger: android::hardware::configstore::V1_0::ISurfaceFlingerConfigs::vsyncEventPhaseOffsetNs retrieved: 1000000 (default)
12-21 22:35:15.121   426   426 I /system/bin/surfaceflinger: android::hardware::configstore::V1_0::ISurfaceFlingerConfigs::vsyncSfEventPhaseOffsetNs retrieved: 1000000 (default)
12-21 22:35:15.121   426   426 I /system/bin/surfaceflinger: android::hardware::configstore::V1_0::ISurfaceFlingerConfigs::hasSyncFramework retrieved: 1
12-21 22:35:15.121   426   426 I /system/bin/surfaceflinger: android::hardware::configstore::V1_0::ISurfaceFlingerConfigs::useContextPriority retrieved: 0 (default)
12-21 22:35:15.121   426   426 I /system/bin/surfaceflinger: android::hardware::configstore::V1_0::ISurfaceFlingerConfigs::presentTimeOffsetFromVSyncNs retrieved: 0
12-21 22:35:15.121   426   426 I /system/bin/surfaceflinger: android::hardware::configstore::V1_0::ISurfaceFlingerConfigs::useHwcForRGBtoYUV retrieved: 1
12-21 22:35:15.121   426   426 I /system/bin/surfaceflinger: android::hardware::configstore::V1_0::ISurfaceFlingerConfigs::maxVirtualDisplaySize retrieved: 4096
12-21 22:35:15.121   426   426 I /system/bin/surfaceflinger: android::hardware::configstore::V1_0::ISurfaceFlingerConfigs::useVrFlinger retrieved: 0 (default)
12-21 22:35:15.122   426   426 I /system/bin/surfaceflinger: android::hardware::configstore::V1_0::ISurfaceFlingerConfigs::maxFrameBufferAcquiredBuffers retrieved: 3
12-21 22:35:15.122   426   426 I /system/bin/surfaceflinger: android::hardware::configstore::V1_0::ISurfaceFlingerConfigs::hasWideColorDisplay retrieved: 0
12-21 22:35:15.122   426   426 I SurfaceFlinger: Disabling Triple Buffering
12-21 22:35:15.122   426   426 I SurfaceFlinger: SurfaceFlinger's main thread ready to run. Initializing graphics H/W...
12-21 22:35:15.122   426   426 I SurfaceFlinger: Phase offest NS: 1000000
12-21 22:35:15.123   426   426 D vndksupport: Loading /vendor/lib64/egl/libEGL_adreno.so from current namespace instead of sphal namespace.
12-21 22:35:15.125   426   426 D libEGL  : loaded /vendor/lib64/egl/libEGL_adreno.so
12-21 22:35:15.161   426   426 D vndksupport: Loading /vendor/lib64/egl/libGLESv1_CM_adreno.so from current namespace instead of sphal namespace.
12-21 22:35:15.162   426   426 D libEGL  : loaded /vendor/lib64/egl/libGLESv1_CM_adreno.so
12-21 22:35:15.173   406   406 D LocSvc_LBSProxy: checkIfLocationExtendedClientExists] File Exists
12-21 22:35:15.174   406   406 I ServiceManagement: Removing namespace from process name vendor.qti.gnss@1.0-service to gnss@1.0-servic.
12-21 22:35:15.175   406   406 I LocSvc_HIDL_vendor.qti.gnss@1.0-service: Registration complete for vendor.qti.gnss@1.0::ILocHidlGnss/gnss_vendor.
12-21 22:35:15.178   426   426 D vndksupport: Loading /vendor/lib64/egl/libGLESv2_adreno.so from current namespace instead of sphal namespace.
12-21 22:35:15.179   426   426 D libEGL  : loaded /vendor/lib64/egl/libGLESv2_adreno.so
12-21 22:35:15.193   426   426 I Adreno-EGL: <qeglDrvAPI_eglInitialize:379>: QUALCOMM Build: 09/09/19, b6943a4, Ic496d38bee
12-21 22:35:15.195   426   426 D vndksupport: Loading /vendor/lib64/hw/gralloc.msm8937.so from current namespace instead of sphal namespace.
12-21 22:35:15.197   426   426 I /system/bin/surfaceflinger: android::hardware::configstore::V1_0::ISurfaceFlingerConfigs::hasWideColorDisplay retrieved: 0
12-21 22:35:15.211   426   426 I SurfaceFlinger: EGL information:
12-21 22:35:15.211   426   426 I SurfaceFlinger: vendor    : Android
12-21 22:35:15.211   426   426 I SurfaceFlinger: version   : 1.4 Android META-EGL
12-21 22:35:15.211   426   426 I SurfaceFlinger: extensions: EGL_KHR_get_all_proc_addresses EGL_ANDROID_presentation_time EGL_KHR_swap_buffers_with_damage EGL_ANDROID_get_native_client_buffer EGL_ANDROID_front_buffer_auto_refresh EGL_ANDROID_get_frame_timestamps EGL_KHR_image EGL_KHR_image_base EGL_KHR_lock_surface EGL_KHR_gl_colorspace EGL_KHR_gl_texture_2D_image EGL_KHR_gl_texture_3D_image EGL_KHR_gl_texture_cubemap_image EGL_KHR_gl_renderbuffer_image EGL_KHR_fence_sync EGL_KHR_create_context EGL_EXT_create_context_robustness EGL_ANDROID_image_native_buffer EGL_KHR_wait_sync EGL_ANDROID_recordable EGL_KHR_partial_update EGL_IMG_context_priority 
12-21 22:35:15.211   426   426 I SurfaceFlinger: Client API: OpenGL_ES
12-21 22:35:15.211   426   426 I SurfaceFlinger: EGLSurface: 8-8-8-8, config=0x5
12-21 22:35:15.211   426   426 W Adreno-EGL: <qeglDrvAPI_eglGetConfigAttrib:612>: EGL_BAD_ATTRIBUTE
12-21 22:35:15.214   426   426 I SurfaceFlinger: OpenGL ES informations:
12-21 22:35:15.214   426   426 I SurfaceFlinger: vendor    : Qualcomm
12-21 22:35:15.214   426   426 I SurfaceFlinger: renderer  : Adreno (TM) 308
12-21 22:35:15.214   426   426 I SurfaceFlinger: version   : OpenGL ES 3.0 V@269.0 AU@  (GIT@Ic496d38bee)
12-21 22:35:15.214   426   426 I SurfaceFlinger: extensions: GL_AMD_compressed_ATC_texture GL_AMD_performance_monitor GL_AMD_program_binary_Z400 GL_EXT_debug_label GL_EXT_debug_marker GL_EXT_discard_framebuffer GL_EXT_robustness GL_EXT_texture_format_BGRA8888 GL_EXT_texture_type_2_10_10_10_REV GL_NV_fence GL_OES_compressed_ETC1_RGB8_texture GL_OES_depth_texture GL_OES_depth24 GL_OES_EGL_image GL_OES_EGL_sync GL_OES_EGL_image_external GL_OES_element_index_uint GL_OES_fbo_render_mipmap GL_OES_fragment_precision_high GL_OES_get_program_binary GL_OES_packed_depth_stencil GL_OES_depth_texture_cube_map GL_OES_rgb8_rgba8 GL_OES_standard_derivatives GL_OES_texture_3D GL_OES_texture_float GL_OES_texture_half_float GL_OES_texture_half_float_linear GL_OES_texture_npot GL_OES_vertex_half_float GL_OES_vertex_type_10_10_10_2 GL_OES_vertex_array_object GL_QCOM_alpha_test GL_QCOM_binning_control GL_QCOM_driver_control GL_QCOM_perfmon_global_mode GL_QCOM_extended_get GL_QCOM_extended_get2 GL_QCOM_tiled_rendering GL_QCOM_writeonly_rendering GL_EXT_sRGB GL_EXT_sRGB_write_con
12-21 22:35:15.214   426   426 I SurfaceFlinger: GL_MAX_TEXTURE_SIZE = 4096
12-21 22:35:15.214   426   426 I SurfaceFlinger: GL_MAX_VIEWPORT_DIMS = 4096
12-21 22:35:15.217   392   392 D vndksupport: Loading /vendor/lib64/hw/android.hardware.graphics.mapper@2.0-impl.so from current namespace instead of sphal namespace.
12-21 22:35:15.219   392   392 D vndksupport: Loading /vendor/lib64/hw/gralloc.msm8937.so from current namespace instead of sphal namespace.
12-21 22:35:15.221   392   392 D SDM     : HWCSession::RegisterCallback: Registering callback: Hotplug
12-21 22:35:15.222   392   392 I SDM     : HWCDisplay::GetColorModeCount: Supported color mode count = 1
12-21 22:35:15.222   392   392 I SDM     : HWCDisplay::GetColorModes: Supports color mode[0] = 0
12-21 22:35:15.222   426   426 W Adreno-EGL: <qeglDrvAPI_eglGetConfigAttrib:612>: EGL_BAD_ATTRIBUTE
12-21 22:35:15.223   426   426 D vndksupport: Loading /vendor/lib64/hw/gralloc.msm8937.so from current namespace instead of sphal namespace.
12-21 22:35:15.225   426   426 D vndksupport: Loading /vendor/lib64/hw/android.hardware.graphics.mapper@2.0-impl.so from current namespace instead of sphal namespace.
12-21 22:35:15.226   426   426 D vndksupport: Loading /vendor/lib64/hw/gralloc.msm8937.so from current namespace instead of sphal namespace.
12-21 22:35:15.236   392   392 D SDM     : HWCSession::RegisterCallback: Registering callback: Refresh
12-21 22:35:15.236   392   392 D SDM     : HWCSession::RegisterCallback: Registering callback: Vsync
12-21 22:35:15.475   426   426 D SurfaceFlinger: shader cache generated - 24 shaders in 238.806320 ms
12-21 22:35:15.477   426   426 D SurfaceFlinger: Set power mode=2, type=0 flinger=0x711705e000
12-21 22:35:15.477   392   392 I SDM     : DisplayBase::SetDisplayState: Set state = 1, display 0
12-21 22:35:15.503   392   482 D qdutils : DEBUG_CALC_FPS: 0
12-21 22:35:15.503   392   482 D qdutils : period: 10
12-21 22:35:15.503   392   482 D qdutils : ignorethresh_us: 500000
12-21 22:35:19.906   421   421 E MSM-irqbalance: __set_smp_affinity: Unable to open /proc/irq/6/smp_affinity
12-21 22:35:19.907   421   421 E MSM-irqbalance: get_smp_affinity: Unable to open /proc/irq/6/smp_affinity
12-21 22:35:19.907   421   421 E MSM-irqbalance: Unable to set SMP affinity
12-21 22:35:19.960   434   434 D QSEECOMD: : QSEECOM DAEMON RUNNING 
12-21 22:35:19.963   366   366 I android.hardwar: type=1400 audit(0.0:124): avc: denied { read write } for uid=1000 name="qseecom" dev="tmpfs" ino=2612 scontext=u:r:hal_keymaster_default:s0 tcontext=u:object_r:device:s0 tclass=chr_file permissive=1
12-21 22:35:19.963   366   366 I android.hardwar: type=1400 audit(0.0:125): avc: denied { open } for uid=1000 path="/dev/qseecom" dev="tmpfs" ino=2612 scontext=u:r:hal_keymaster_default:s0 tcontext=u:object_r:device:s0 tclass=chr_file permissive=1
12-21 22:35:19.963   366   366 I android.hardwar: type=1400 audit(0.0:126): avc: denied { ioctl } for uid=1000 path="/dev/qseecom" dev="tmpfs" ino=2612 ioctlcmd=970a scontext=u:r:hal_keymaster_default:s0 tcontext=u:object_r:device:s0 tclass=chr_file permissive=1
12-21 22:35:19.964   366   366 D QSEECOMAPI: QSEECom_get_handle sb_length = 0xa000
12-21 22:35:19.965   366   366 D QSEECOMAPI: App is already loaded QSEE and app id = 65537
12-21 22:35:19.968   366   366 E keymaster1_device: Keymaster Initialized
12-21 22:35:19.968   366   366 E keymaster1_device: TA API Major Verion: 1
12-21 22:35:19.968   366   366 E keymaster1_device: TA API Minor Verion: 0
12-21 22:35:19.968   366   366 E keymaster1_device: TA Major Verion: 1
12-21 22:35:19.968   366   366 E keymaster1_device: TA Minor Verion: 10
12-21 22:35:19.968   366   366 E keymaster1_device: set_version_req->flags: 1
12-21 22:35:19.969   366   366 D android.hardware.keymaster@3.0-impl: Wrapping keymaster1 module Keymaster QTI HAL with SofKeymasterDevice
12-21 22:35:19.970   493   493 I init    : type=1400 audit(0.0:127): avc: denied { execute_no_trans } for uid=1000 path="/system/vendor/bin/pm-proxy" dev="mmcblk0p53" ino=3035 scontext=u:r:init:s0 tcontext=u:object_r:vendor_file:s0 tclass=file permissive=1
12-21 22:35:19.973   495   495 I init    : type=1400 audit(0.0:128): avc: denied { execute_no_trans } for uid=0 path="/system/vendor/bin/sh" dev="mmcblk0p53" ino=3065 scontext=u:r:init:s0 tcontext=u:object_r:vendor_shell_exec:s0 tclass=file permissive=1
12-21 22:35:19.976   366   366 I ServiceManagement: Removing namespace from process name android.hardware.keymaster@3.0-service to keymaster@3.0-s.
12-21 22:35:19.984   366   366 I android.hardware.keymaster@3.0-service: Registration complete for android.hardware.keymaster@3.0::IKeymasterDevice/default.
12-21 22:35:19.996   363   363 I servicemanager: type=1400 audit(0.0:129): avc: denied { transfer } for uid=1000 scontext=u:r:servicemanager:s0 tcontext=u:r:init:s0 tclass=binder permissive=1
12-21 22:35:19.996   493   493 I pm-proxy: type=1400 audit(0.0:130): avc: denied { call } for uid=1000 scontext=u:r:init:s0 tcontext=u:r:init:s0 tclass=binder permissive=1
12-21 22:35:19.996   493   493 I pm-proxy: type=1400 audit(0.0:131): avc: denied { transfer } for uid=1000 scontext=u:r:init:s0 tcontext=u:r:init:s0 tclass=binder permissive=1
12-21 22:35:19.997   494   494 I ssr_setup: Using persist.sys.ssr.restart_level for ssr_setup
12-21 22:35:19.998   494   494 I ssr_setup: Enabling SSR for subsys0
12-21 22:35:19.998   494   494 I ssr_setup: Enabling SSR for subsys1
12-21 22:35:19.998   494   494 I ssr_setup: Enabling SSR for subsys2
12-21 22:35:19.998   494   494 I ssr_setup: Enabling SSR for subsys3
12-21 22:35:19.998   493   493 E PerMgrProxy: Starting pm-proxy service
12-21 22:35:19.998   493   493 I PerMgrProxy: Found internal modem
12-21 22:35:19.999   363   363 E SELinux : avc:  denied  { find } for service=vendor.qcom.PeripheralManager pid=493 uid=1000 scontext=u:r:init:s0 tcontext=u:object_r:default_android_service:s0 tclass=service_manager permissive=1
12-21 22:35:20.000   418   418 I Binder:418_2: type=1400 audit(0.0:132): avc: denied { read } for uid=1000 name="subsys_modem" dev="tmpfs" ino=4660 scontext=u:r:init:s0 tcontext=u:object_r:device:s0 tclass=chr_file permissive=1
12-21 22:35:20.000   418   418 I Binder:418_2: type=1400 audit(0.0:133): avc: denied { open } for uid=1000 path="/dev/subsys_modem" dev="tmpfs" ino=4660 scontext=u:r:init:s0 tcontext=u:object_r:device:s0 tclass=chr_file permissive=1
12-21 22:35:20.000   418   456 D PerMgrSrv: modem state: is off-line, add client PM-PROXY-THREAD
12-21 22:35:20.000   418   456 D PerMgrSrv: PM-PROXY-THREAD registered
12-21 22:35:20.000   493   493 D PerMgrLib: PM-PROXY-THREAD successfully registered for modem
12-21 22:35:20.000   493   493 I PerMgrProxy: pm-proxy-thread Voting for internal modem
12-21 22:35:20.000   493   493 D PerMgrLib: PM-PROXY-THREAD voting for modem
12-21 22:35:20.000   418   456 D PerMgrSrv: PM-PROXY-THREAD voting for modem
12-21 22:35:20.000   418   456 D PerMgrSrv: modem new state: going on-line
12-21 22:35:20.000   418   456 D PerMgrSrv: modem num voters is 1
12-21 22:35:20.002   418   456 E PerMgrSrv: power on modem failed /dev/subsys_modem: Try again
12-21 22:35:20.002   418   456 D PerMgrSrv: modem new state: is off-line
12-21 22:35:20.010   390   390 I android.hardwar: type=1400 audit(0.0:134): avc: denied { read write } for uid=1000 name="qseecom" dev="tmpfs" ino=2612 scontext=u:r:hal_gatekeeper_default:s0 tcontext=u:object_r:device:s0 tclass=chr_file permissive=1
12-21 22:35:20.010   390   390 I android.hardwar: type=1400 audit(0.0:135): avc: denied { open } for uid=1000 path="/dev/qseecom" dev="tmpfs" ino=2612 scontext=u:r:hal_gatekeeper_default:s0 tcontext=u:object_r:device:s0 tclass=chr_file permissive=1
12-21 22:35:20.010   390   390 I android.hardwar: type=1400 audit(0.0:136): avc: denied { ioctl } for uid=1000 path="/dev/qseecom" dev="tmpfs" ino=2612 ioctlcmd=970a scontext=u:r:hal_gatekeeper_default:s0 tcontext=u:object_r:device:s0 tclass=chr_file permissive=1
12-21 22:35:20.012   390   390 D QSEECOMAPI: QSEECom_get_handle sb_length = 0xa000
12-21 22:35:20.013   390   390 D QSEECOMAPI: App is already loaded QSEE and app id = 65537
12-21 22:35:20.013   390   390 E gatekeeper_device: Gatekeeper initialized
12-21 22:35:20.014   390   390 I ServiceManagement: Removing namespace from process name android.hardware.gatekeeper@1.0-service to gatekeeper@1.0-.
12-21 22:35:20.015   390   390 I android.hardware.gatekeeper@1.0-service: Registration complete for android.hardware.gatekeeper@1.0::IGatekeeper/default.
12-21 22:35:20.018   496   502 I adbd    : initializing functionfs
12-21 22:35:20.018   496   502 I adbd    : opening control endpoint /dev/usb-ffs/adb/ep0
12-21 22:35:20.320   496   502 I adbd    : functionfs successfully initialized
12-21 22:35:20.320   496   502 I adbd    : registering usb transport
12-21 22:35:20.664   492   516 D vndksupport: Loading /vendor/lib64/egl/libEGL_adreno.so from current namespace instead of sphal namespace.
12-21 22:35:20.665   492   516 D libEGL  : loaded /vendor/lib64/egl/libEGL_adreno.so
12-21 22:35:20.686   492   516 D vndksupport: Loading /vendor/lib64/egl/libGLESv1_CM_adreno.so from current namespace instead of sphal namespace.
12-21 22:35:20.686   492   516 D libEGL  : loaded /vendor/lib64/egl/libGLESv1_CM_adreno.so
12-21 22:35:20.707   492   516 D vndksupport: Loading /vendor/lib64/egl/libGLESv2_adreno.so from current namespace instead of sphal namespace.
12-21 22:35:20.708   492   516 D libEGL  : loaded /vendor/lib64/egl/libGLESv2_adreno.so
12-21 22:35:20.723   492   492 I BootAnimation: type=1400 audit(0.0:137): avc: denied { read write } for uid=1003 name="kgsl-3d0" dev="tmpfs" ino=5732 scontext=u:r:bootanim:s0 tcontext=u:object_r:device:s0 tclass=chr_file permissive=1
12-21 22:35:20.723   492   492 I BootAnimation: type=1400 audit(0.0:138): avc: denied { open } for uid=1003 path="/dev/kgsl-3d0" dev="tmpfs" ino=5732 scontext=u:r:bootanim:s0 tcontext=u:object_r:device:s0 tclass=chr_file permissive=1
12-21 22:35:20.723   492   492 I BootAnimation: type=1400 audit(0.0:139): avc: denied { ioctl } for uid=1003 path="/dev/kgsl-3d0" dev="tmpfs" ino=5732 ioctlcmd=940 scontext=u:r:bootanim:s0 tcontext=u:object_r:device:s0 tclass=chr_file permissive=1
12-21 22:35:20.725   492   516 I Adreno-EGL: <qeglDrvAPI_eglInitialize:379>: QUALCOMM Build: 09/09/19, b6943a4, Ic496d38bee
12-21 22:35:20.726   492   516 D vndksupport: Loading /vendor/lib64/hw/gralloc.msm8937.so from current namespace instead of sphal namespace.
12-21 22:35:20.732   492   516 I /system/bin/bootanimation: android::hardware::configstore::V1_0::ISurfaceFlingerConfigs::hasWideColorDisplay retrieved: 0
12-21 22:35:20.732   492   516 W Adreno-EGL: <qeglDrvAPI_eglGetConfigAttrib:612>: EGL_BAD_ATTRIBUTE
12-21 22:35:20.733   492   516 D vndksupport: Loading /vendor/lib64/hw/gralloc.msm8937.so from current namespace instead of sphal namespace.
12-21 22:35:20.814   492   516 D BootAnimation: BootAnimationShownTiming start time: 8780ms
12-21 22:35:20.845   492   516 D vndksupport: Loading /vendor/lib64/hw/android.hardware.graphics.mapper@2.0-impl.so from current namespace instead of sphal namespace.
12-21 22:35:20.846   492   516 D vndksupport: Loading /vendor/lib64/hw/gralloc.msm8937.so from current namespace instead of sphal namespace.
12-21 22:35:20.863   392   392 I HwBinder:392_2: type=1400 audit(0.0:140): avc: denied { read } for uid=1000 name="caps" dev="sysfs" ino=20790 scontext=u:r:hal_graphics_composer_default:s0 tcontext=u:object_r:sysfs:s0 tclass=file permissive=1
12-21 22:35:20.863   392   392 I HwBinder:392_2: type=1400 audit(0.0:141): avc: denied { open } for uid=1000 path="/sys/devices/soc/1a00000.qcom,mdss_mdp/caps" dev="sysfs" ino=20790 scontext=u:r:hal_graphics_composer_default:s0 tcontext=u:object_r:sysfs:s0 tclass=file permissive=1
12-21 22:35:20.863   392   392 I HwBinder:392_2: type=1400 audit(0.0:142): avc: denied { getattr } for uid=1000 path="/sys/devices/soc/1a00000.qcom,mdss_mdp/caps" dev="sysfs" ino=20790 scontext=u:r:hal_graphics_composer_default:s0 tcontext=u:object_r:sysfs:s0 tclass=file permissive=1
12-21 22:35:21.020   492   492 I BootAnimation: type=1400 audit(0.0:143): avc: denied { ioctl } for uid=1003 path="/dev/kgsl-3d0" dev="tmpfs" ino=5732 ioctlcmd=94a scontext=u:r:bootanim:s0 tcontext=u:object_r:device:s0 tclass=chr_file permissive=1
12-21 22:35:22.863   492   492 I BootAnimation: type=1400 audit(0.0:144): avc: denied { read write } for uid=1003 path="/dev/kgsl-3d0" dev="tmpfs" ino=5732 scontext=u:r:bootanim:s0 tcontext=u:object_r:device:s0 tclass=chr_file permissive=1
12-21 22:35:24.945   423   423 E Sensors : sns_debug_mr.c(366):Sensors DIAG Init: Waiting for diag service timed out
12-21 22:35:24.945   423   423 E Sensors : sns_debug_main.c(488):Sensors DIAG init: Can't register with debug
12-21 22:35:24.945   423   423 E Sensors : sns_init_la.c(165):Error 5 initializing sns_debug_test_init2
12-21 22:35:24.943   423   423 I sensors.qcom: type=1400 audit(0.0:145): avc: denied { ioctl } for uid=0 path="socket:[6133]" dev="sockfs" ino=6133 ioctlcmd=c302 scontext=u:r:init:s0 tcontext=u:r:init:s0 tclass=socket permissive=1
12-21 22:35:34.945   423   423 E Sensors : sns_main.c(447):Timeout waiting for SMGR service. Exit sensors daemon!
12-21 22:35:34.945   423   423 W Sensors : sns_main.c(355):sns_main_exit called unlock daemon to exit
12-21 22:35:34.945   423   423 E Sensors : sns_main.c(561):Exiting! Err 0
12-21 22:35:34.943   416   416 I rmt_storage: type=1400 audit(0.0:146): avc: denied { read } for uid=1001 scontext=u:r:init:s0 tcontext=u:r:init:s0 tclass=socket permissive=1
12-21 22:35:34.966   524   524 I sensors.qcom: type=1400 audit(0.0:147): avc: denied { write } for uid=0 name="diag" dev="tmpfs" ino=12140 scontext=u:r:init:s0 tcontext=u:object_r:device:s0 tclass=chr_file permissive=1
12-21 22:35:34.970   524   524 I sensors.qcom: type=1400 audit(0.0:149): avc: denied { create } for uid=0 scontext=u:r:init:s0 tcontext=u:r:init:s0 tclass=socket permissive=1
12-21 22:35:34.970   524   524 I sensors.qcom: type=1400 audit(0.0:150): avc: denied { bind } for uid=0 scontext=u:r:init:s0 tcontext=u:r:init:s0 tclass=socket permissive=1
12-21 22:35:34.973   524   527 E Sensors : sns_fsa_la.c(84):realpath failed for directory name2
12-21 22:35:34.973   524   527 E Sensors : sns_reg_la.c(289):Error creating registry file
12-21 22:35:34.973   524   527 W Sensors : sns_reg_mr.c(367):File init failed 5
12-21 22:35:44.975   524   524 E Sensors : sns_debug_mr.c(366):Sensors DIAG Init: Waiting for diag service timed out
12-21 22:35:44.975   524   524 E Sensors : sns_debug_main.c(488):Sensors DIAG init: Can't register with debug
12-21 22:35:44.975   524   524 E Sensors : sns_init_la.c(165):Error 5 initializing sns_debug_test_init2
12-21 22:35:54.975   524   524 E Sensors : sns_main.c(447):Timeout waiting for SMGR service. Exit sensors daemon!
12-21 22:35:54.975   524   524 W Sensors : sns_main.c(355):sns_main_exit called unlock daemon to exit
12-21 22:35:54.975   524   524 E Sensors : sns_main.c(561):Exiting! Err 0
12-21 22:35:55.002   530   533 E Sensors : sns_fsa_la.c(84):realpath failed for directory name2
12-21 22:35:55.002   530   533 E Sensors : sns_reg_la.c(289):Error creating registry file
12-21 22:35:55.002   530   533 W Sensors : sns_reg_mr.c(367):File init failed 5
12-21 22:36:05.004   530   530 E Sensors : sns_debug_mr.c(366):Sensors DIAG Init: Waiting for diag service timed out
12-21 22:36:05.004   530   530 E Sensors : sns_debug_main.c(488):Sensors DIAG init: Can't register with debug
12-21 22:36:05.004   530   530 E Sensors : sns_init_la.c(165):Error 5 initializing sns_debug_test_init2
12-21 22:36:15.004   530   530 E Sensors : sns_main.c(447):Timeout waiting for SMGR service. Exit sensors daemon!
12-21 22:36:15.004   530   530 W Sensors : sns_main.c(355):sns_main_exit called unlock daemon to exit
12-21 22:36:15.004   530   530 E Sensors : sns_main.c(561):Exiting! Err 0
12-21 22:36:15.031   536   539 E Sensors : sns_fsa_la.c(84):realpath failed for directory name2
12-21 22:36:15.031   536   539 E Sensors : sns_reg_la.c(289):Error creating registry file
12-21 22:36:15.031   536   539 W Sensors : sns_reg_mr.c(367):File init failed 5
12-21 22:36:25.033   536   536 E Sensors : sns_debug_mr.c(366):Sensors DIAG Init: Waiting for diag service timed out
12-21 22:36:25.033   536   536 E Sensors : sns_debug_main.c(488):Sensors DIAG init: Can't register with debug
12-21 22:36:25.033   536   536 E Sensors : sns_init_la.c(165):Error 5 initializing sns_debug_test_init2
12-21 22:36:35.033   536   536 E Sensors : sns_main.c(447):Timeout waiting for SMGR service. Exit sensors daemon!
12-21 22:36:35.033   536   536 W Sensors : sns_main.c(355):sns_main_exit called unlock daemon to exit
12-21 22:36:35.033   536   536 E Sensors : sns_main.c(561):Exiting! Err 0
12-21 22:36:35.060   543   546 E Sensors : sns_fsa_la.c(84):realpath failed for directory name2
12-21 22:36:35.060   543   546 E Sensors : sns_reg_la.c(289):Error creating registry file
12-21 22:36:35.060   543   546 W Sensors : sns_reg_mr.c(367):File init failed 5
12-21 22:36:45.061   543   543 E Sensors : sns_debug_mr.c(366):Sensors DIAG Init: Waiting for diag service timed out
12-21 22:36:45.061   543   543 E Sensors : sns_debug_main.c(488):Sensors DIAG init: Can't register with debug
12-21 22:36:45.061   543   543 E Sensors : sns_init_la.c(165):Error 5 initializing sns_debug_test_init2
12-21 22:36:55.062   543   543 E Sensors : sns_main.c(447):Timeout waiting for SMGR service. Exit sensors daemon!
12-21 22:36:55.062   543   543 W Sensors : sns_main.c(355):sns_main_exit called unlock daemon to exit
12-21 22:36:55.062   543   543 E Sensors : sns_main.c(561):Exiting! Err 0
12-21 22:36:55.089   549   552 E Sensors : sns_fsa_la.c(84):realpath failed for directory name2
12-21 22:36:55.089   549   552 E Sensors : sns_reg_la.c(289):Error creating registry file
12-21 22:36:55.089   549   552 W Sensors : sns_reg_mr.c(367):File init failed 5
12-21 22:37:05.091   549   549 E Sensors : sns_debug_mr.c(366):Sensors DIAG Init: Waiting for diag service timed out
12-21 22:37:05.091   549   549 E Sensors : sns_debug_main.c(488):Sensors DIAG init: Can't register with debug
12-21 22:37:05.091   549   549 E Sensors : sns_init_la.c(165):Error 5 initializing sns_debug_test_init2